Log file created at: 2018/03/03 21:10:34
Running on machine: arina-ThinkPad
Log line format: [IWEF]mmdd hh:mm:ss.uuuuuu threadid file:line] msg
I0303 21:10:34.339076 18031 c_interface.cc:127] Logging enabled to .
I0303 21:10:34.339180 18031 c_interface.cc:271] Creating MasterModel (id=1)...
I0303 21:10:34.339304 18031 c_interface.cc:372] Pass 6b5c3edc-1860-4f24-a14b-af8106c9c3a2 to MN4artm4core15MasterComponentEFvRKNSt7__cxx1112basic_stringIcSt11char_traitsIcESaIcEEEE
I0303 21:10:34.339376 18031 c_interface.cc:386] Pass GatherDictionaryArgs: dictionary_target_name=6b5c3edc-1860-4f24-a14b-af8106c9c3a2, data_path=batches, symmetric_cooc_values=0 to MN4artm4core15MasterComponentEFvRKNS_20GatherDictionaryArgsEE
I0303 21:10:34.339412 18031 dictionary_operations.cc:249] Found 2 batches in 'batches' folder
I0303 21:10:34.376147 18031 dictionary_operations.cc:313] Find 11782 unique tokens in 1036 items
I0303 21:10:59.001989 18031 c_interface.cc:271] Creating MasterModel (id=2)...
I0303 21:10:59.002050 18031 c_interface.cc:372] Pass 6b5c3edc-1860-4f24-a14b-af8106c9c3a2 to MN4artm4core15MasterComponentEFvRKNSt7__cxx1112basic_stringIcSt11char_traitsIcESaIcEEEE
I0303 21:10:59.003415 18031 c_interface.cc:336] Disposing MasterComponent (id=1)...
I0303 21:10:59.003515 18031 c_interface.cc:372] Pass dade5888-7294-4383-950d-26e1291fe507 to MN4artm4core15MasterComponentEFvRKNSt7__cxx1112basic_stringIcSt11char_traitsIcESaIcEEEE
I0303 21:10:59.003598 18031 c_interface.cc:386] Pass GatherDictionaryArgs: dictionary_target_name=dade5888-7294-4383-950d-26e1291fe507, data_path=batches, symmetric_cooc_values=0 to MN4artm4core15MasterComponentEFvRKNS_20GatherDictionaryArgsEE
I0303 21:10:59.003643 18031 dictionary_operations.cc:249] Found 2 batches in 'batches' folder
I0303 21:10:59.028281 18031 dictionary_operations.cc:313] Find 11782 unique tokens in 1036 items
I0303 21:10:59.040566 18031 instance.cc:401] MasterModelConfig.processors_count is automatically set to 4
I0303 21:10:59.040746 18470 processor.cc:701] Processor thread started
I0303 21:10:59.040766 18471 processor.cc:701] Processor thread started
I0303 21:10:59.040783 18472 processor.cc:701] Processor thread started
I0303 21:10:59.040787 18031 c_interface.cc:271] Creating MasterModel (id=3)...
I0303 21:10:59.040798 18473 processor.cc:701] Processor thread started
I0303 21:10:59.040887 18031 c_interface.cc:372] Pass pwt to MN4artm4core15MasterComponentEFvRKNSt7__cxx1112basic_stringIcSt11char_traitsIcESaIcEEEE
I0303 21:10:59.040904 18031 c_interface.cc:372] Pass nwt to MN4artm4core15MasterComponentEFvRKNSt7__cxx1112basic_stringIcSt11char_traitsIcESaIcEEEE
I0303 21:10:59.041088 18031 c_interface.cc:386] Pass InitializeModelArgs: model_name=pwt, dictionary_name=dade5888-7294-4383-950d-26e1291fe507, topic_name_size=253 to MN4artm4core15MasterComponentEFvRKNS_19InitializeModelArgsEE
I0303 21:10:59.061072 18470 processor.cc:717] No data in processing queue, waiting...
I0303 21:10:59.061085 18471 processor.cc:717] No data in processing queue, waiting...
I0303 21:10:59.061094 18473 processor.cc:717] No data in processing queue, waiting...
I0303 21:10:59.061100 18472 processor.cc:717] No data in processing queue, waiting...
I0303 21:10:59.191922 18031 master_component.cc:620] InitializeModel() created matrix pwt with 253 topics and 11782 tokens; 
I0303 21:10:59.192266 18031 c_interface.cc:386] Pass InitializeModelArgs: model_name=nwt, dictionary_name=dade5888-7294-4383-950d-26e1291fe507, topic_name_size=253 to MN4artm4core15MasterComponentEFvRKNS_19InitializeModelArgsEE
I0303 21:10:59.373075 18031 master_component.cc:620] InitializeModel() created matrix nwt with 253 topics and 11782 tokens; 
I0303 21:10:59.373944 18031 phi_matrix_operations.cc:84] RetrieveExternalTopicModel() with 253 topics, 11782 tokens
I0303 21:10:59.408825 18031 c_interface.cc:230] ArtmCopyRequestedMessage is copying 391229 bytes...
I0303 21:10:59.430209 18031 c_interface.cc:386] Pass MasterModelConfig: topic_name_size=253, score_config_size=2, num_processors=0, pwt_name=pwt, nwt_name=nwt, num_document_passes=10, reuse_theta=no, cache_theta=yes, opt_for_avx=yes, disk_cache_path to MN4artm4core15MasterComponentEFvRKNS_17MasterModelConfigEE
I0303 21:10:59.430354 18031 instance.cc:401] MasterModelConfig.processors_count is automatically set to 4
I0303 21:10:59.431551 18031 c_interface.cc:386] Pass MasterModelConfig: topic_name_size=253, score_config_size=3, num_processors=0, pwt_name=pwt, nwt_name=nwt, num_document_passes=10, reuse_theta=no, cache_theta=yes, opt_for_avx=yes, disk_cache_path to MN4artm4core15MasterComponentEFvRKNS_17MasterModelConfigEE
I0303 21:10:59.431738 18031 instance.cc:401] MasterModelConfig.processors_count is automatically set to 4
I0303 21:10:59.433125 18031 c_interface.cc:386] Pass MasterModelConfig: topic_name_size=253, score_config_size=3, num_processors=0, pwt_name=pwt, nwt_name=nwt, num_document_passes=10, regularizer=(SparsePhi:-0.1), reuse_theta=no, cache_theta=yes, opt_for_avx=yes, disk_cache_path to MN4artm4core15MasterComponentEFvRKNS_17MasterModelConfigEE
I0303 21:10:59.433185 18031 instance.cc:401] MasterModelConfig.processors_count is automatically set to 4
I0303 21:10:59.433312 18031 instance.cc:232] Regularizer 'SparsePhi' was cold-reconfigured
I0303 21:10:59.433807 18031 c_interface.cc:386] Pass MasterModelConfig: topic_name_size=253, score_config_size=3, num_processors=0, pwt_name=pwt, nwt_name=nwt, num_document_passes=10, regularizer=(SparsePhi:-0.1), regularizer=(SmoothPhi:0.1), reuse_theta=no, cache_theta=yes, opt_for_avx=yes, disk_cache_path to MN4artm4core15MasterComponentEFvRKNS_17MasterModelConfigEE
I0303 21:10:59.433841 18031 instance.cc:401] MasterModelConfig.processors_count is automatically set to 4
I0303 21:10:59.433943 18031 instance.cc:232] Regularizer 'SparsePhi' was cold-reconfigured
I0303 21:10:59.433966 18031 instance.cc:232] Regularizer 'SmoothPhi' was cold-reconfigured
I0303 21:10:59.435108 18466 c_interface.cc:386] Pass FitOfflineMasterModelArgs, batch_filename_size=2, batch_weight_size=2, num_collection_passes=1 to MN4artm4core15MasterComponentEFvRKNS_25FitOfflineMasterModelArgsEE
I0303 21:10:59.435133 18466 master_component.cc:1340] ProcessBatchesArgs: nwt_target_name=nwt, batch_filename_size=2, batch_size=0, batch_weight_size=2, pwt_source_name=pwt, num_document_passes=10, regularizer=(name:SparsePhi, tau:-0.1), regularizer=(name:SmoothPhi, tau:0.1), reuse_theta=no, opt_for_avx=yes, predict_class_id=
I0303 21:10:59.467739 18466 master_component.cc:772] Batches count (=2) is smaller than num processors (=4), which may cause suboptimal performance.
I0303 21:10:59.468454 18470 processor.cc:724] Processing queue has data, processing started
I0303 21:10:59.468456 18471 processor.cc:724] Processing queue has data, processing started
I0303 21:10:59.470291 18471 processor.cc:802] Processor: start processing batch de0af3bc-7e74-4b14-b055-96658d962f0a into model nwt
I0303 21:10:59.484688 18470 processor.cc:802] Processor: start processing batch 9fee5ba8-7ede-4dfd-8618-6c8eecea945c into model nwt
I0303 21:10:59.519258 18471 processor.cc:898] Processor: complete processing batch de0af3bc-7e74-4b14-b055-96658d962f0a into model nwt
I0303 21:10:59.519551 18471 cuckoo_watch.h:45] 50ms in ProcessBatch(batches/aaaaab.batch) [including 0ms in LoadMessage; 0ms in InitializeSparseNdw; 45ms in InferThetaAndUpdateNwtSparse; 2ms in CalculateScore(^^^ItemsProcessedScore^^^); ]
I0303 21:10:59.540652 18471 processor.cc:717] No data in processing queue, waiting...
I0303 21:11:00.188598 18470 processor.cc:898] Processor: complete processing batch 9fee5ba8-7ede-4dfd-8618-6c8eecea945c into model nwt
I0303 21:11:00.189877 18470 cuckoo_watch.h:45] 721ms in ProcessBatch(batches/aaaaaa.batch) [including 15ms in LoadMessage; 2ms in InitializeSparseNdw; 673ms in InferThetaAndUpdateNwtSparse; 26ms in CalculateScore(^^^ItemsProcessedScore^^^); ]
I0303 21:11:00.190975 18466 master_component.cc:1378] RegularizeModelArgs: rwt_target_name=rwt, pwt_source_name=pwt, nwt_source_name=nwt
I0303 21:11:00.190984 18466 master_component.cc:922] MasterComponent: start regularizing model pwt
I0303 21:11:00.210482 18470 processor.cc:717] No data in processing queue, waiting...
I0303 21:11:00.369510 18466 master_component.cc:948] MasterComponent: complete regularizing model pwt
I0303 21:11:00.369534 18466 master_component.cc:1391] NormalizeModelArgs: pwt_target_name=pwt, nwt_source_name=nwt, rwt_source_name=rwt
I0303 21:11:00.369561 18466 master_component.cc:952] MasterComponent: start normalizing model nwt
I0303 21:11:00.435242 18031 c_interface.cc:559] Pass GetScoreValueArgs, score_name=^^^ItemsProcessedScore^^^ to MasterComponent::Request
I0303 21:11:00.435298 18031 c_interface.cc:230] ArtmCopyRequestedMessage is copying 46 bytes...
I0303 21:11:00.487953 18466 master_component.cc:980] MasterComponent: complete normalizing model nwt
I0303 21:11:00.744505 18466 master_component.cc:1415] DisposeModel rwt
I0303 21:11:00.749109 18466 master_component.cc:1005] FitOffline: ItemsProcessed, num_items=1036, num_batches=2, token_weight=202105, token_weight_in_effect=202105
I0303 21:11:00.749363 18031 c_interface.cc:559] Pass GetScoreValueArgs, score_name=^^^ItemsProcessedScore^^^ to MasterComponent::Request
I0303 21:11:00.749382 18031 c_interface.cc:230] ArtmCopyRequestedMessage is copying 46 bytes...
I0303 21:11:00.749716 18466 c_interface.cc:386] Pass FitOfflineMasterModelArgs, batch_filename_size=2, batch_weight_size=2, num_collection_passes=1 to MN4artm4core15MasterComponentEFvRKNS_25FitOfflineMasterModelArgsEE
I0303 21:11:00.749734 18466 master_component.cc:1340] ProcessBatchesArgs: nwt_target_name=nwt, batch_filename_size=2, batch_size=0, batch_weight_size=2, pwt_source_name=pwt, num_document_passes=10, regularizer=(name:SparsePhi, tau:-0.1), regularizer=(name:SmoothPhi, tau:0.1), reuse_theta=no, opt_for_avx=yes, predict_class_id=
I0303 21:11:00.767017 18472 processor.cc:724] Processing queue has data, processing started
I0303 21:11:00.767894 18473 processor.cc:724] Processing queue has data, processing started
I0303 21:11:00.768894 18473 processor.cc:802] Processor: start processing batch de0af3bc-7e74-4b14-b055-96658d962f0a into model nwt
I0303 21:11:00.774085 18472 processor.cc:802] Processor: start processing batch 9fee5ba8-7ede-4dfd-8618-6c8eecea945c into model nwt
I0303 21:11:00.803222 18473 processor.cc:898] Processor: complete processing batch de0af3bc-7e74-4b14-b055-96658d962f0a into model nwt
I0303 21:11:00.803622 18473 cuckoo_watch.h:45] 35ms in ProcessBatch(batches/aaaaab.batch) [including 0ms in LoadMessage; 0ms in InitializeSparseNdw; 29ms in InferThetaAndUpdateNwtSparse; 5ms in CalculateScore(^^^ItemsProcessedScore^^^); ]
I0303 21:11:00.824822 18473 processor.cc:717] No data in processing queue, waiting...
I0303 21:11:01.536345 18472 processor.cc:898] Processor: complete processing batch 9fee5ba8-7ede-4dfd-8618-6c8eecea945c into model nwt
I0303 21:11:01.537729 18472 cuckoo_watch.h:45] 770ms in ProcessBatch(batches/aaaaaa.batch) [including 6ms in LoadMessage; 1ms in InitializeSparseNdw; 731ms in InferThetaAndUpdateNwtSparse; 27ms in CalculateScore(^^^ItemsProcessedScore^^^); ]
I0303 21:11:01.538277 18466 master_component.cc:1378] RegularizeModelArgs: rwt_target_name=rwt, pwt_source_name=pwt, nwt_source_name=nwt
I0303 21:11:01.538285 18466 master_component.cc:922] MasterComponent: start regularizing model pwt
I0303 21:11:01.558364 18472 processor.cc:717] No data in processing queue, waiting...
I0303 21:11:01.740042 18466 master_component.cc:948] MasterComponent: complete regularizing model pwt
I0303 21:11:01.740067 18466 master_component.cc:1391] NormalizeModelArgs: pwt_target_name=pwt, nwt_source_name=nwt, rwt_source_name=rwt
I0303 21:11:01.740070 18466 master_component.cc:952] MasterComponent: start normalizing model nwt
I0303 21:11:01.749764 18031 c_interface.cc:559] Pass GetScoreValueArgs, score_name=^^^ItemsProcessedScore^^^ to MasterComponent::Request
I0303 21:11:01.749797 18031 c_interface.cc:230] ArtmCopyRequestedMessage is copying 46 bytes...
I0303 21:11:01.864660 18466 master_component.cc:980] MasterComponent: complete normalizing model nwt
I0303 21:11:02.081734 18466 master_component.cc:1415] DisposeModel rwt
I0303 21:11:02.086755 18466 master_component.cc:1005] FitOffline: ItemsProcessed, num_items=1036, num_batches=2, token_weight=202105, token_weight_in_effect=202105
I0303 21:11:02.086953 18031 c_interface.cc:559] Pass GetScoreValueArgs, score_name=^^^ItemsProcessedScore^^^ to MasterComponent::Request
I0303 21:11:02.087003 18031 c_interface.cc:230] ArtmCopyRequestedMessage is copying 46 bytes...
I0303 21:11:02.087299 18466 c_interface.cc:386] Pass FitOfflineMasterModelArgs, batch_filename_size=2, batch_weight_size=2, num_collection_passes=1 to MN4artm4core15MasterComponentEFvRKNS_25FitOfflineMasterModelArgsEE
I0303 21:11:02.087318 18466 master_component.cc:1340] ProcessBatchesArgs: nwt_target_name=nwt, batch_filename_size=2, batch_size=0, batch_weight_size=2, pwt_source_name=pwt, num_document_passes=10, regularizer=(name:SparsePhi, tau:-0.1), regularizer=(name:SmoothPhi, tau:0.1), reuse_theta=no, opt_for_avx=yes, predict_class_id=
I0303 21:11:02.105216 18471 processor.cc:724] Processing queue has data, processing started
I0303 21:11:02.105731 18472 processor.cc:724] Processing queue has data, processing started
I0303 21:11:02.106520 18471 processor.cc:802] Processor: start processing batch de0af3bc-7e74-4b14-b055-96658d962f0a into model nwt
I0303 21:11:02.115283 18472 processor.cc:802] Processor: start processing batch 9fee5ba8-7ede-4dfd-8618-6c8eecea945c into model nwt
I0303 21:11:02.135295 18471 processor.cc:898] Processor: complete processing batch de0af3bc-7e74-4b14-b055-96658d962f0a into model nwt
I0303 21:11:02.135514 18471 cuckoo_watch.h:45] 30ms in ProcessBatch(batches/aaaaab.batch) [including 0ms in LoadMessage; 0ms in InitializeSparseNdw; 26ms in InferThetaAndUpdateNwtSparse; 1ms in CalculateScore(^^^ItemsProcessedScore^^^); ]
I0303 21:11:02.155889 18471 processor.cc:717] No data in processing queue, waiting...
I0303 21:11:02.908160 18472 processor.cc:898] Processor: complete processing batch 9fee5ba8-7ede-4dfd-8618-6c8eecea945c into model nwt
I0303 21:11:02.909453 18472 cuckoo_watch.h:45] 803ms in ProcessBatch(batches/aaaaaa.batch) [including 8ms in LoadMessage; 1ms in InitializeSparseNdw; 763ms in InferThetaAndUpdateNwtSparse; 27ms in CalculateScore(^^^ItemsProcessedScore^^^); ]
I0303 21:11:02.910130 18466 master_component.cc:1378] RegularizeModelArgs: rwt_target_name=rwt, pwt_source_name=pwt, nwt_source_name=nwt
I0303 21:11:02.910138 18466 master_component.cc:922] MasterComponent: start regularizing model pwt
I0303 21:11:02.929877 18472 processor.cc:717] No data in processing queue, waiting...
I0303 21:11:03.087358 18031 c_interface.cc:559] Pass GetScoreValueArgs, score_name=^^^ItemsProcessedScore^^^ to MasterComponent::Request
I0303 21:11:03.087393 18031 c_interface.cc:230] ArtmCopyRequestedMessage is copying 46 bytes...
I0303 21:11:03.135468 18466 master_component.cc:948] MasterComponent: complete regularizing model pwt
I0303 21:11:03.135493 18466 master_component.cc:1391] NormalizeModelArgs: pwt_target_name=pwt, nwt_source_name=nwt, rwt_source_name=rwt
I0303 21:11:03.135498 18466 master_component.cc:952] MasterComponent: start normalizing model nwt
I0303 21:11:03.261602 18466 master_component.cc:980] MasterComponent: complete normalizing model nwt
I0303 21:11:03.508040 18466 master_component.cc:1415] DisposeModel rwt
I0303 21:11:03.513002 18466 master_component.cc:1005] FitOffline: ItemsProcessed, num_items=1036, num_batches=2, token_weight=202105, token_weight_in_effect=202105
I0303 21:11:03.513211 18031 c_interface.cc:559] Pass GetScoreValueArgs, score_name=^^^ItemsProcessedScore^^^ to MasterComponent::Request
I0303 21:11:03.513231 18031 c_interface.cc:230] ArtmCopyRequestedMessage is copying 46 bytes...
I0303 21:11:03.513530 18466 c_interface.cc:386] Pass FitOfflineMasterModelArgs, batch_filename_size=2, batch_weight_size=2, num_collection_passes=1 to MN4artm4core15MasterComponentEFvRKNS_25FitOfflineMasterModelArgsEE
I0303 21:11:03.513564 18466 master_component.cc:1340] ProcessBatchesArgs: nwt_target_name=nwt, batch_filename_size=2, batch_size=0, batch_weight_size=2, pwt_source_name=pwt, num_document_passes=10, regularizer=(name:SparsePhi, tau:-0.1), regularizer=(name:SmoothPhi, tau:0.1), reuse_theta=no, opt_for_avx=yes, predict_class_id=
I0303 21:11:03.530583 18472 processor.cc:724] Processing queue has data, processing started
I0303 21:11:03.531042 18470 processor.cc:724] Processing queue has data, processing started
I0303 21:11:03.532001 18470 processor.cc:802] Processor: start processing batch de0af3bc-7e74-4b14-b055-96658d962f0a into model nwt
I0303 21:11:03.537485 18472 processor.cc:802] Processor: start processing batch 9fee5ba8-7ede-4dfd-8618-6c8eecea945c into model nwt
I0303 21:11:03.559438 18470 processor.cc:898] Processor: complete processing batch de0af3bc-7e74-4b14-b055-96658d962f0a into model nwt
I0303 21:11:03.559654 18470 cuckoo_watch.h:45] 28ms in ProcessBatch(batches/aaaaab.batch) [including 0ms in LoadMessage; 0ms in InitializeSparseNdw; 25ms in InferThetaAndUpdateNwtSparse; 1ms in CalculateScore(^^^ItemsProcessedScore^^^); ]
I0303 21:11:03.580370 18470 processor.cc:717] No data in processing queue, waiting...
I0303 21:11:04.254767 18472 processor.cc:898] Processor: complete processing batch 9fee5ba8-7ede-4dfd-8618-6c8eecea945c into model nwt
I0303 21:11:04.256108 18472 cuckoo_watch.h:45] 725ms in ProcessBatch(batches/aaaaaa.batch) [including 6ms in LoadMessage; 0ms in InitializeSparseNdw; 690ms in InferThetaAndUpdateNwtSparse; 25ms in CalculateScore(^^^ItemsProcessedScore^^^); ]
I0303 21:11:04.256793 18466 master_component.cc:1378] RegularizeModelArgs: rwt_target_name=rwt, pwt_source_name=pwt, nwt_source_name=nwt
I0303 21:11:04.256800 18466 master_component.cc:922] MasterComponent: start regularizing model pwt
I0303 21:11:04.276765 18472 processor.cc:717] No data in processing queue, waiting...
I0303 21:11:04.438801 18466 master_component.cc:948] MasterComponent: complete regularizing model pwt
I0303 21:11:04.438925 18466 master_component.cc:1391] NormalizeModelArgs: pwt_target_name=pwt, nwt_source_name=nwt, rwt_source_name=rwt
I0303 21:11:04.438933 18466 master_component.cc:952] MasterComponent: start normalizing model nwt
I0303 21:11:04.513586 18031 c_interface.cc:559] Pass GetScoreValueArgs, score_name=^^^ItemsProcessedScore^^^ to MasterComponent::Request
I0303 21:11:04.513623 18031 c_interface.cc:230] ArtmCopyRequestedMessage is copying 46 bytes...
I0303 21:11:04.570732 18466 master_component.cc:980] MasterComponent: complete normalizing model nwt
I0303 21:11:04.765907 18466 master_component.cc:1415] DisposeModel rwt
I0303 21:11:04.770514 18466 master_component.cc:1005] FitOffline: ItemsProcessed, num_items=1036, num_batches=2, token_weight=202105, token_weight_in_effect=202105
I0303 21:11:04.770738 18031 c_interface.cc:559] Pass GetScoreValueArgs, score_name=^^^ItemsProcessedScore^^^ to MasterComponent::Request
I0303 21:11:04.770757 18031 c_interface.cc:230] ArtmCopyRequestedMessage is copying 46 bytes...
I0303 21:11:04.771062 18466 c_interface.cc:386] Pass FitOfflineMasterModelArgs, batch_filename_size=2, batch_weight_size=2, num_collection_passes=1 to MN4artm4core15MasterComponentEFvRKNS_25FitOfflineMasterModelArgsEE
I0303 21:11:04.771081 18466 master_component.cc:1340] ProcessBatchesArgs: nwt_target_name=nwt, batch_filename_size=2, batch_size=0, batch_weight_size=2, pwt_source_name=pwt, num_document_passes=10, regularizer=(name:SparsePhi, tau:-0.1), regularizer=(name:SmoothPhi, tau:0.1), reuse_theta=no, opt_for_avx=yes, predict_class_id=
I0303 21:11:04.787888 18473 processor.cc:724] Processing queue has data, processing started
I0303 21:11:04.789266 18472 processor.cc:724] Processing queue has data, processing started
I0303 21:11:04.790619 18472 processor.cc:802] Processor: start processing batch de0af3bc-7e74-4b14-b055-96658d962f0a into model nwt
I0303 21:11:04.796290 18473 processor.cc:802] Processor: start processing batch 9fee5ba8-7ede-4dfd-8618-6c8eecea945c into model nwt
I0303 21:11:04.818948 18472 processor.cc:898] Processor: complete processing batch de0af3bc-7e74-4b14-b055-96658d962f0a into model nwt
I0303 21:11:04.819177 18472 cuckoo_watch.h:45] 29ms in ProcessBatch(batches/aaaaab.batch) [including 0ms in LoadMessage; 0ms in InitializeSparseNdw; 26ms in InferThetaAndUpdateNwtSparse; 1ms in CalculateScore(^^^ItemsProcessedScore^^^); ]
I0303 21:11:04.839248 18472 processor.cc:717] No data in processing queue, waiting...
I0303 21:11:05.458744 18473 processor.cc:898] Processor: complete processing batch 9fee5ba8-7ede-4dfd-8618-6c8eecea945c into model nwt
I0303 21:11:05.460083 18473 cuckoo_watch.h:45] 672ms in ProcessBatch(batches/aaaaaa.batch) [including 7ms in LoadMessage; 1ms in InitializeSparseNdw; 634ms in InferThetaAndUpdateNwtSparse; 24ms in CalculateScore(^^^ItemsProcessedScore^^^); ]
I0303 21:11:05.460628 18466 master_component.cc:1378] RegularizeModelArgs: rwt_target_name=rwt, pwt_source_name=pwt, nwt_source_name=nwt
I0303 21:11:05.460635 18466 master_component.cc:922] MasterComponent: start regularizing model pwt
I0303 21:11:05.480726 18473 processor.cc:717] No data in processing queue, waiting...
I0303 21:11:05.704994 18466 master_component.cc:948] MasterComponent: complete regularizing model pwt
I0303 21:11:05.705030 18466 master_component.cc:1391] NormalizeModelArgs: pwt_target_name=pwt, nwt_source_name=nwt, rwt_source_name=rwt
I0303 21:11:05.705036 18466 master_component.cc:952] MasterComponent: start normalizing model nwt
I0303 21:11:05.771128 18031 c_interface.cc:559] Pass GetScoreValueArgs, score_name=^^^ItemsProcessedScore^^^ to MasterComponent::Request
I0303 21:11:05.771172 18031 c_interface.cc:230] ArtmCopyRequestedMessage is copying 46 bytes...
I0303 21:11:05.902701 18466 master_component.cc:980] MasterComponent: complete normalizing model nwt
I0303 21:11:06.142817 18466 master_component.cc:1415] DisposeModel rwt
I0303 21:11:06.147778 18466 master_component.cc:1005] FitOffline: ItemsProcessed, num_items=1036, num_batches=2, token_weight=202105, token_weight_in_effect=202105
I0303 21:11:06.148005 18031 c_interface.cc:559] Pass GetScoreValueArgs, score_name=^^^ItemsProcessedScore^^^ to MasterComponent::Request
I0303 21:11:06.148053 18031 c_interface.cc:230] ArtmCopyRequestedMessage is copying 46 bytes...
I0303 21:11:15.699895 18031 c_interface.cc:230] ArtmCopyRequestedMessage is copying 18014 bytes...
W0303 21:11:15.717173 18031 check_messages.h:1075] Inconsistent fields size in ThetaMatrix: 1036 vs 0 vs 1036 vs 0;
I0303 21:11:15.718530 18031 c_interface.cc:230] ArtmCopyRequestedMessage is copying 13870 bytes...
I0303 21:11:15.721455 18031 c_interface.cc:235] ArtmCopyRequestedObject is copying 1048432 bytes...
I0303 21:12:49.348459 18031 c_interface.cc:271] Creating MasterModel (id=4)...
I0303 21:12:49.348579 18031 c_interface.cc:372] Pass dade5888-7294-4383-950d-26e1291fe507 to MN4artm4core15MasterComponentEFvRKNSt7__cxx1112basic_stringIcSt11char_traitsIcESaIcEEEE
I0303 21:12:49.350924 18031 c_interface.cc:336] Disposing MasterComponent (id=2)...
I0303 21:12:49.351248 18031 c_interface.cc:372] Pass a7c6d06e-156b-457c-8ae4-f7aa8e011e65 to MN4artm4core15MasterComponentEFvRKNSt7__cxx1112basic_stringIcSt11char_traitsIcESaIcEEEE
I0303 21:12:49.351419 18031 c_interface.cc:386] Pass GatherDictionaryArgs: dictionary_target_name=a7c6d06e-156b-457c-8ae4-f7aa8e011e65, data_path=batches, symmetric_cooc_values=0 to MN4artm4core15MasterComponentEFvRKNS_20GatherDictionaryArgsEE
I0303 21:12:49.351482 18031 dictionary_operations.cc:249] Found 2 batches in 'batches' folder
I0303 21:12:49.387877 18031 dictionary_operations.cc:313] Find 11782 unique tokens in 1036 items
I0303 21:12:49.399021 18031 instance.cc:401] MasterModelConfig.processors_count is automatically set to 4
I0303 21:12:49.399117 18031 c_interface.cc:271] Creating MasterModel (id=5)...
I0303 21:12:49.399137 18518 processor.cc:701] Processor thread started
I0303 21:12:49.399138 18519 processor.cc:701] Processor thread started
I0303 21:12:49.399138 18517 processor.cc:701] Processor thread started
I0303 21:12:49.399144 18520 processor.cc:701] Processor thread started
I0303 21:12:49.399200 18031 c_interface.cc:372] Pass pwt to MN4artm4core15MasterComponentEFvRKNSt7__cxx1112basic_stringIcSt11char_traitsIcESaIcEEEE
I0303 21:12:49.399215 18031 c_interface.cc:372] Pass nwt to MN4artm4core15MasterComponentEFvRKNSt7__cxx1112basic_stringIcSt11char_traitsIcESaIcEEEE
I0303 21:12:49.399371 18031 c_interface.cc:386] Pass InitializeModelArgs: model_name=pwt, dictionary_name=a7c6d06e-156b-457c-8ae4-f7aa8e011e65, topic_name_size=253 to MN4artm4core15MasterComponentEFvRKNS_19InitializeModelArgsEE
I0303 21:12:49.419268 18518 processor.cc:717] No data in processing queue, waiting...
I0303 21:12:49.419442 18519 processor.cc:717] No data in processing queue, waiting...
I0303 21:12:49.420528 18517 processor.cc:717] No data in processing queue, waiting...
I0303 21:12:49.420543 18520 processor.cc:717] No data in processing queue, waiting...
I0303 21:12:49.503093 18031 master_component.cc:620] InitializeModel() created matrix pwt with 253 topics and 11782 tokens; 
I0303 21:12:49.503365 18031 c_interface.cc:386] Pass InitializeModelArgs: model_name=nwt, dictionary_name=a7c6d06e-156b-457c-8ae4-f7aa8e011e65, topic_name_size=253 to MN4artm4core15MasterComponentEFvRKNS_19InitializeModelArgsEE
I0303 21:12:49.656476 18031 master_component.cc:620] InitializeModel() created matrix nwt with 253 topics and 11782 tokens; 
I0303 21:12:49.657294 18031 phi_matrix_operations.cc:84] RetrieveExternalTopicModel() with 253 topics, 11782 tokens
I0303 21:12:49.704012 18031 c_interface.cc:230] ArtmCopyRequestedMessage is copying 391229 bytes...
I0303 21:12:49.720142 18470 processor.cc:709] Processor thread stopped
I0303 21:12:49.720163 18470 processor.cc:710] Total number of processed batches: 2
I0303 21:12:49.721107 18471 processor.cc:709] Processor thread stopped
I0303 21:12:49.721124 18471 processor.cc:710] Total number of processed batches: 2
I0303 21:12:49.722607 18472 processor.cc:709] Processor thread stopped
I0303 21:12:49.722669 18472 processor.cc:710] Total number of processed batches: 4
I0303 21:12:49.723490 18473 processor.cc:709] Processor thread stopped
I0303 21:12:49.723520 18473 processor.cc:710] Total number of processed batches: 2
I0303 21:12:49.738519 18031 c_interface.cc:336] Disposing MasterComponent (id=3)...
I0303 21:12:49.740108 18031 c_interface.cc:386] Pass MasterModelConfig: topic_name_size=253, score_config_size=2, num_processors=0, pwt_name=pwt, nwt_name=nwt, num_document_passes=10, reuse_theta=no, cache_theta=yes, opt_for_avx=yes, disk_cache_path to MN4artm4core15MasterComponentEFvRKNS_17MasterModelConfigEE
I0303 21:12:49.740255 18031 instance.cc:401] MasterModelConfig.processors_count is automatically set to 4
I0303 21:12:49.741622 18031 c_interface.cc:386] Pass MasterModelConfig: topic_name_size=253, score_config_size=3, num_processors=0, pwt_name=pwt, nwt_name=nwt, num_document_passes=10, reuse_theta=no, cache_theta=yes, opt_for_avx=yes, disk_cache_path to MN4artm4core15MasterComponentEFvRKNS_17MasterModelConfigEE
I0303 21:12:49.741858 18031 instance.cc:401] MasterModelConfig.processors_count is automatically set to 4
I0303 21:12:49.743403 18031 c_interface.cc:386] Pass MasterModelConfig: topic_name_size=253, score_config_size=3, num_processors=0, pwt_name=pwt, nwt_name=nwt, num_document_passes=10, regularizer=(SparsePhi:-0.1), reuse_theta=no, cache_theta=yes, opt_for_avx=yes, disk_cache_path to MN4artm4core15MasterComponentEFvRKNS_17MasterModelConfigEE
I0303 21:12:49.743465 18031 instance.cc:401] MasterModelConfig.processors_count is automatically set to 4
I0303 21:12:49.743598 18031 instance.cc:232] Regularizer 'SparsePhi' was cold-reconfigured
I0303 21:12:49.744220 18031 c_interface.cc:386] Pass MasterModelConfig: topic_name_size=253, score_config_size=3, num_processors=0, pwt_name=pwt, nwt_name=nwt, num_document_passes=10, regularizer=(SparsePhi:-0.1), regularizer=(SmoothPhi:0.1), reuse_theta=no, cache_theta=yes, opt_for_avx=yes, disk_cache_path to MN4artm4core15MasterComponentEFvRKNS_17MasterModelConfigEE
I0303 21:12:49.744262 18031 instance.cc:401] MasterModelConfig.processors_count is automatically set to 4
I0303 21:12:49.744369 18031 instance.cc:232] Regularizer 'SparsePhi' was cold-reconfigured
I0303 21:12:49.744391 18031 instance.cc:232] Regularizer 'SmoothPhi' was cold-reconfigured
I0303 21:12:49.744967 18513 c_interface.cc:386] Pass FitOfflineMasterModelArgs, batch_filename_size=2, batch_weight_size=2, num_collection_passes=1 to MN4artm4core15MasterComponentEFvRKNS_25FitOfflineMasterModelArgsEE
I0303 21:12:49.744995 18513 master_component.cc:1340] ProcessBatchesArgs: nwt_target_name=nwt, batch_filename_size=2, batch_size=0, batch_weight_size=2, pwt_source_name=pwt, num_document_passes=10, regularizer=(name:SparsePhi, tau:-0.1), regularizer=(name:SmoothPhi, tau:0.1), reuse_theta=no, opt_for_avx=yes, predict_class_id=
I0303 21:12:49.774978 18517 processor.cc:724] Processing queue has data, processing started
I0303 21:12:49.775516 18518 processor.cc:724] Processing queue has data, processing started
I0303 21:12:49.777201 18518 processor.cc:802] Processor: start processing batch de0af3bc-7e74-4b14-b055-96658d962f0a into model nwt
I0303 21:12:49.802543 18517 processor.cc:802] Processor: start processing batch 9fee5ba8-7ede-4dfd-8618-6c8eecea945c into model nwt
I0303 21:12:49.843219 18518 processor.cc:898] Processor: complete processing batch de0af3bc-7e74-4b14-b055-96658d962f0a into model nwt
I0303 21:12:49.843665 18518 cuckoo_watch.h:45] 68ms in ProcessBatch(batches/aaaaab.batch) [including 0ms in LoadMessage; 0ms in InitializeSparseNdw; 60ms in InferThetaAndUpdateNwtSparse; 5ms in CalculateScore(^^^ItemsProcessedScore^^^); ]
I0303 21:12:49.864497 18518 processor.cc:717] No data in processing queue, waiting...
I0303 21:12:50.718189 18517 processor.cc:898] Processor: complete processing batch 9fee5ba8-7ede-4dfd-8618-6c8eecea945c into model nwt
I0303 21:12:50.719604 18517 cuckoo_watch.h:45] 944ms in ProcessBatch(batches/aaaaaa.batch) [including 26ms in LoadMessage; 1ms in InitializeSparseNdw; 885ms in InferThetaAndUpdateNwtSparse; 27ms in CalculateScore(^^^ItemsProcessedScore^^^); ]
I0303 21:12:50.720427 18513 master_component.cc:1378] RegularizeModelArgs: rwt_target_name=rwt, pwt_source_name=pwt, nwt_source_name=nwt
I0303 21:12:50.720434 18513 master_component.cc:922] MasterComponent: start regularizing model pwt
I0303 21:12:50.739918 18517 processor.cc:717] No data in processing queue, waiting...
I0303 21:12:50.745074 18031 c_interface.cc:559] Pass GetScoreValueArgs, score_name=^^^ItemsProcessedScore^^^ to MasterComponent::Request
I0303 21:12:50.745128 18031 c_interface.cc:230] ArtmCopyRequestedMessage is copying 46 bytes...
I0303 21:12:50.906685 18513 master_component.cc:948] MasterComponent: complete regularizing model pwt
I0303 21:12:50.906709 18513 master_component.cc:1391] NormalizeModelArgs: pwt_target_name=pwt, nwt_source_name=nwt, rwt_source_name=rwt
I0303 21:12:50.906738 18513 master_component.cc:952] MasterComponent: start normalizing model nwt
I0303 21:12:51.029433 18513 master_component.cc:980] MasterComponent: complete normalizing model nwt
I0303 21:12:51.237346 18513 master_component.cc:1415] DisposeModel rwt
I0303 21:12:51.241932 18513 master_component.cc:1005] FitOffline: ItemsProcessed, num_items=1036, num_batches=2, token_weight=202105, token_weight_in_effect=202105
I0303 21:12:51.242211 18031 c_interface.cc:559] Pass GetScoreValueArgs, score_name=^^^ItemsProcessedScore^^^ to MasterComponent::Request
I0303 21:12:51.242239 18031 c_interface.cc:230] ArtmCopyRequestedMessage is copying 46 bytes...
I0303 21:12:51.242553 18513 c_interface.cc:386] Pass FitOfflineMasterModelArgs, batch_filename_size=2, batch_weight_size=2, num_collection_passes=1 to MN4artm4core15MasterComponentEFvRKNS_25FitOfflineMasterModelArgsEE
I0303 21:12:51.242576 18513 master_component.cc:1340] ProcessBatchesArgs: nwt_target_name=nwt, batch_filename_size=2, batch_size=0, batch_weight_size=2, pwt_source_name=pwt, num_document_passes=10, regularizer=(name:SparsePhi, tau:-0.1), regularizer=(name:SmoothPhi, tau:0.1), reuse_theta=no, opt_for_avx=yes, predict_class_id=
I0303 21:12:51.261483 18520 processor.cc:724] Processing queue has data, processing started
I0303 21:12:51.261502 18518 processor.cc:724] Processing queue has data, processing started
I0303 21:12:51.262707 18518 processor.cc:802] Processor: start processing batch de0af3bc-7e74-4b14-b055-96658d962f0a into model nwt
I0303 21:12:51.271461 18520 processor.cc:802] Processor: start processing batch 9fee5ba8-7ede-4dfd-8618-6c8eecea945c into model nwt
I0303 21:12:51.291759 18518 processor.cc:898] Processor: complete processing batch de0af3bc-7e74-4b14-b055-96658d962f0a into model nwt
I0303 21:12:51.291981 18518 cuckoo_watch.h:45] 30ms in ProcessBatch(batches/aaaaab.batch) [including 0ms in LoadMessage; 0ms in InitializeSparseNdw; 27ms in InferThetaAndUpdateNwtSparse; 1ms in CalculateScore(^^^ItemsProcessedScore^^^); ]
I0303 21:12:51.312062 18518 processor.cc:717] No data in processing queue, waiting...
I0303 21:12:52.242650 18031 c_interface.cc:559] Pass GetScoreValueArgs, score_name=^^^ItemsProcessedScore^^^ to MasterComponent::Request
I0303 21:12:52.242777 18031 c_interface.cc:230] ArtmCopyRequestedMessage is copying 45 bytes...
I0303 21:12:52.307440 18520 processor.cc:898] Processor: complete processing batch 9fee5ba8-7ede-4dfd-8618-6c8eecea945c into model nwt
I0303 21:12:52.308990 18520 cuckoo_watch.h:45] 1047ms in ProcessBatch(batches/aaaaaa.batch) [including 9ms in LoadMessage; 1ms in InitializeSparseNdw; 984ms in InferThetaAndUpdateNwtSparse; 48ms in CalculateScore(^^^ItemsProcessedScore^^^); ]
I0303 21:12:52.309743 18513 master_component.cc:1378] RegularizeModelArgs: rwt_target_name=rwt, pwt_source_name=pwt, nwt_source_name=nwt
I0303 21:12:52.309751 18513 master_component.cc:922] MasterComponent: start regularizing model pwt
I0303 21:12:52.329746 18520 processor.cc:717] No data in processing queue, waiting...
I0303 21:12:52.553112 18513 master_component.cc:948] MasterComponent: complete regularizing model pwt
I0303 21:12:52.553138 18513 master_component.cc:1391] NormalizeModelArgs: pwt_target_name=pwt, nwt_source_name=nwt, rwt_source_name=rwt
I0303 21:12:52.553141 18513 master_component.cc:952] MasterComponent: start normalizing model nwt
I0303 21:12:52.700124 18513 master_component.cc:980] MasterComponent: complete normalizing model nwt
I0303 21:12:53.028569 18513 master_component.cc:1415] DisposeModel rwt
I0303 21:12:53.034245 18513 master_component.cc:1005] FitOffline: ItemsProcessed, num_items=1036, num_batches=2, token_weight=202105, token_weight_in_effect=202105
I0303 21:12:53.034559 18031 c_interface.cc:559] Pass GetScoreValueArgs, score_name=^^^ItemsProcessedScore^^^ to MasterComponent::Request
I0303 21:12:53.034590 18031 c_interface.cc:230] ArtmCopyRequestedMessage is copying 46 bytes...
I0303 21:12:53.035033 18513 c_interface.cc:386] Pass FitOfflineMasterModelArgs, batch_filename_size=2, batch_weight_size=2, num_collection_passes=1 to MN4artm4core15MasterComponentEFvRKNS_25FitOfflineMasterModelArgsEE
I0303 21:12:53.035091 18513 master_component.cc:1340] ProcessBatchesArgs: nwt_target_name=nwt, batch_filename_size=2, batch_size=0, batch_weight_size=2, pwt_source_name=pwt, num_document_passes=10, regularizer=(name:SparsePhi, tau:-0.1), regularizer=(name:SmoothPhi, tau:0.1), reuse_theta=no, opt_for_avx=yes, predict_class_id=
I0303 21:12:53.054782 18519 processor.cc:724] Processing queue has data, processing started
I0303 21:12:53.055008 18520 processor.cc:724] Processing queue has data, processing started
I0303 21:12:53.056293 18519 processor.cc:802] Processor: start processing batch de0af3bc-7e74-4b14-b055-96658d962f0a into model nwt
I0303 21:12:53.064429 18520 processor.cc:802] Processor: start processing batch 9fee5ba8-7ede-4dfd-8618-6c8eecea945c into model nwt
I0303 21:12:53.086493 18519 processor.cc:898] Processor: complete processing batch de0af3bc-7e74-4b14-b055-96658d962f0a into model nwt
I0303 21:12:53.086733 18519 cuckoo_watch.h:45] 31ms in ProcessBatch(batches/aaaaab.batch) [including 0ms in LoadMessage; 0ms in InitializeSparseNdw; 27ms in InferThetaAndUpdateNwtSparse; 2ms in CalculateScore(^^^ItemsProcessedScore^^^); ]
I0303 21:12:53.106865 18519 processor.cc:717] No data in processing queue, waiting...
I0303 21:12:53.800346 18520 processor.cc:898] Processor: complete processing batch 9fee5ba8-7ede-4dfd-8618-6c8eecea945c into model nwt
I0303 21:12:53.801703 18520 cuckoo_watch.h:45] 746ms in ProcessBatch(batches/aaaaaa.batch) [including 8ms in LoadMessage; 1ms in InitializeSparseNdw; 707ms in InferThetaAndUpdateNwtSparse; 25ms in CalculateScore(^^^ItemsProcessedScore^^^); ]
I0303 21:12:53.801789 18513 master_component.cc:1378] RegularizeModelArgs: rwt_target_name=rwt, pwt_source_name=pwt, nwt_source_name=nwt
I0303 21:12:53.801796 18513 master_component.cc:922] MasterComponent: start regularizing model pwt
I0303 21:12:53.822278 18520 processor.cc:717] No data in processing queue, waiting...
I0303 21:12:54.011971 18513 master_component.cc:948] MasterComponent: complete regularizing model pwt
I0303 21:12:54.011996 18513 master_component.cc:1391] NormalizeModelArgs: pwt_target_name=pwt, nwt_source_name=nwt, rwt_source_name=rwt
I0303 21:12:54.011998 18513 master_component.cc:952] MasterComponent: start normalizing model nwt
I0303 21:12:54.035056 18031 c_interface.cc:559] Pass GetScoreValueArgs, score_name=^^^ItemsProcessedScore^^^ to MasterComponent::Request
I0303 21:12:54.035089 18031 c_interface.cc:230] ArtmCopyRequestedMessage is copying 46 bytes...
I0303 21:12:54.141477 18513 master_component.cc:980] MasterComponent: complete normalizing model nwt
I0303 21:12:54.335892 18513 master_component.cc:1415] DisposeModel rwt
I0303 21:12:54.340804 18513 master_component.cc:1005] FitOffline: ItemsProcessed, num_items=1036, num_batches=2, token_weight=202105, token_weight_in_effect=202105
I0303 21:12:54.340983 18031 c_interface.cc:559] Pass GetScoreValueArgs, score_name=^^^ItemsProcessedScore^^^ to MasterComponent::Request
I0303 21:12:54.341003 18031 c_interface.cc:230] ArtmCopyRequestedMessage is copying 46 bytes...
I0303 21:12:54.341318 18513 c_interface.cc:386] Pass FitOfflineMasterModelArgs, batch_filename_size=2, batch_weight_size=2, num_collection_passes=1 to MN4artm4core15MasterComponentEFvRKNS_25FitOfflineMasterModelArgsEE
I0303 21:12:54.341337 18513 master_component.cc:1340] ProcessBatchesArgs: nwt_target_name=nwt, batch_filename_size=2, batch_size=0, batch_weight_size=2, pwt_source_name=pwt, num_document_passes=10, regularizer=(name:SparsePhi, tau:-0.1), regularizer=(name:SmoothPhi, tau:0.1), reuse_theta=no, opt_for_avx=yes, predict_class_id=
I0303 21:12:54.359375 18517 processor.cc:724] Processing queue has data, processing started
I0303 21:12:54.359403 18520 processor.cc:724] Processing queue has data, processing started
I0303 21:12:54.360327 18520 processor.cc:802] Processor: start processing batch de0af3bc-7e74-4b14-b055-96658d962f0a into model nwt
I0303 21:12:54.365715 18517 processor.cc:802] Processor: start processing batch 9fee5ba8-7ede-4dfd-8618-6c8eecea945c into model nwt
I0303 21:12:54.388499 18520 processor.cc:898] Processor: complete processing batch de0af3bc-7e74-4b14-b055-96658d962f0a into model nwt
I0303 21:12:54.388720 18520 cuckoo_watch.h:45] 29ms in ProcessBatch(batches/aaaaab.batch) [including 0ms in LoadMessage; 0ms in InitializeSparseNdw; 26ms in InferThetaAndUpdateNwtSparse; 1ms in CalculateScore(^^^ItemsProcessedScore^^^); ]
I0303 21:12:54.409209 18520 processor.cc:717] No data in processing queue, waiting...
I0303 21:12:55.080349 18517 processor.cc:898] Processor: complete processing batch 9fee5ba8-7ede-4dfd-8618-6c8eecea945c into model nwt
I0303 21:12:55.081746 18517 cuckoo_watch.h:45] 722ms in ProcessBatch(batches/aaaaaa.batch) [including 5ms in LoadMessage; 0ms in InitializeSparseNdw; 686ms in InferThetaAndUpdateNwtSparse; 26ms in CalculateScore(^^^ItemsProcessedScore^^^); ]
I0303 21:12:55.082057 18513 master_component.cc:1378] RegularizeModelArgs: rwt_target_name=rwt, pwt_source_name=pwt, nwt_source_name=nwt
I0303 21:12:55.082065 18513 master_component.cc:922] MasterComponent: start regularizing model pwt
I0303 21:12:55.102336 18517 processor.cc:717] No data in processing queue, waiting...
I0303 21:12:55.291700 18513 master_component.cc:948] MasterComponent: complete regularizing model pwt
I0303 21:12:55.291724 18513 master_component.cc:1391] NormalizeModelArgs: pwt_target_name=pwt, nwt_source_name=nwt, rwt_source_name=rwt
I0303 21:12:55.291726 18513 master_component.cc:952] MasterComponent: start normalizing model nwt
I0303 21:12:55.341349 18031 c_interface.cc:559] Pass GetScoreValueArgs, score_name=^^^ItemsProcessedScore^^^ to MasterComponent::Request
I0303 21:12:55.341387 18031 c_interface.cc:230] ArtmCopyRequestedMessage is copying 46 bytes...
I0303 21:12:55.413183 18513 master_component.cc:980] MasterComponent: complete normalizing model nwt
I0303 21:12:55.624068 18513 master_component.cc:1415] DisposeModel rwt
I0303 21:12:55.628897 18513 master_component.cc:1005] FitOffline: ItemsProcessed, num_items=1036, num_batches=2, token_weight=202105, token_weight_in_effect=202105
I0303 21:12:55.629099 18031 c_interface.cc:559] Pass GetScoreValueArgs, score_name=^^^ItemsProcessedScore^^^ to MasterComponent::Request
I0303 21:12:55.629117 18031 c_interface.cc:230] ArtmCopyRequestedMessage is copying 46 bytes...
I0303 21:12:55.629405 18513 c_interface.cc:386] Pass FitOfflineMasterModelArgs, batch_filename_size=2, batch_weight_size=2, num_collection_passes=1 to MN4artm4core15MasterComponentEFvRKNS_25FitOfflineMasterModelArgsEE
I0303 21:12:55.629422 18513 master_component.cc:1340] ProcessBatchesArgs: nwt_target_name=nwt, batch_filename_size=2, batch_size=0, batch_weight_size=2, pwt_source_name=pwt, num_document_passes=10, regularizer=(name:SparsePhi, tau:-0.1), regularizer=(name:SmoothPhi, tau:0.1), reuse_theta=no, opt_for_avx=yes, predict_class_id=
I0303 21:12:55.647941 18517 processor.cc:724] Processing queue has data, processing started
I0303 21:12:55.648180 18518 processor.cc:724] Processing queue has data, processing started
I0303 21:12:55.649535 18518 processor.cc:802] Processor: start processing batch de0af3bc-7e74-4b14-b055-96658d962f0a into model nwt
I0303 21:12:55.657188 18517 processor.cc:802] Processor: start processing batch 9fee5ba8-7ede-4dfd-8618-6c8eecea945c into model nwt
I0303 21:12:55.678954 18518 processor.cc:898] Processor: complete processing batch de0af3bc-7e74-4b14-b055-96658d962f0a into model nwt
I0303 21:12:55.679173 18518 cuckoo_watch.h:45] 30ms in ProcessBatch(batches/aaaaab.batch) [including 0ms in LoadMessage; 0ms in InitializeSparseNdw; 27ms in InferThetaAndUpdateNwtSparse; 1ms in CalculateScore(^^^ItemsProcessedScore^^^); ]
I0303 21:12:55.699266 18518 processor.cc:717] No data in processing queue, waiting...
I0303 21:12:56.361560 18517 processor.cc:898] Processor: complete processing batch 9fee5ba8-7ede-4dfd-8618-6c8eecea945c into model nwt
I0303 21:12:56.362884 18517 cuckoo_watch.h:45] 714ms in ProcessBatch(batches/aaaaaa.batch) [including 8ms in LoadMessage; 1ms in InitializeSparseNdw; 677ms in InferThetaAndUpdateNwtSparse; 25ms in CalculateScore(^^^ItemsProcessedScore^^^); ]
I0303 21:12:56.363565 18513 master_component.cc:1378] RegularizeModelArgs: rwt_target_name=rwt, pwt_source_name=pwt, nwt_source_name=nwt
I0303 21:12:56.363572 18513 master_component.cc:922] MasterComponent: start regularizing model pwt
I0303 21:12:56.382992 18517 processor.cc:717] No data in processing queue, waiting...
I0303 21:12:56.542726 18513 master_component.cc:948] MasterComponent: complete regularizing model pwt
I0303 21:12:56.542749 18513 master_component.cc:1391] NormalizeModelArgs: pwt_target_name=pwt, nwt_source_name=nwt, rwt_source_name=rwt
I0303 21:12:56.542752 18513 master_component.cc:952] MasterComponent: start normalizing model nwt
I0303 21:12:56.629498 18031 c_interface.cc:559] Pass GetScoreValueArgs, score_name=^^^ItemsProcessedScore^^^ to MasterComponent::Request
I0303 21:12:56.629552 18031 c_interface.cc:230] ArtmCopyRequestedMessage is copying 46 bytes...
I0303 21:12:56.671944 18513 master_component.cc:980] MasterComponent: complete normalizing model nwt
I0303 21:12:56.892297 18513 master_component.cc:1415] DisposeModel rwt
I0303 21:12:56.897078 18513 master_component.cc:1005] FitOffline: ItemsProcessed, num_items=1036, num_batches=2, token_weight=202105, token_weight_in_effect=202105
I0303 21:12:56.897276 18031 c_interface.cc:559] Pass GetScoreValueArgs, score_name=^^^ItemsProcessedScore^^^ to MasterComponent::Request
I0303 21:12:56.897298 18031 c_interface.cc:230] ArtmCopyRequestedMessage is copying 46 bytes...
I0303 21:13:27.882091 18031 c_interface.cc:271] Creating MasterModel (id=6)...
I0303 21:13:27.882264 18031 c_interface.cc:372] Pass a7c6d06e-156b-457c-8ae4-f7aa8e011e65 to MN4artm4core15MasterComponentEFvRKNSt7__cxx1112basic_stringIcSt11char_traitsIcESaIcEEEE
I0303 21:13:27.883900 18031 c_interface.cc:336] Disposing MasterComponent (id=4)...
I0303 21:13:27.884007 18031 c_interface.cc:372] Pass 4815bfbb-ec99-4416-b812-9205b3508260 to MN4artm4core15MasterComponentEFvRKNSt7__cxx1112basic_stringIcSt11char_traitsIcESaIcEEEE
I0303 21:13:27.884117 18031 c_interface.cc:386] Pass GatherDictionaryArgs: dictionary_target_name=4815bfbb-ec99-4416-b812-9205b3508260, data_path=batches, symmetric_cooc_values=0 to MN4artm4core15MasterComponentEFvRKNS_20GatherDictionaryArgsEE
I0303 21:13:27.884176 18031 dictionary_operations.cc:249] Found 2 batches in 'batches' folder
I0303 21:13:27.910451 18031 dictionary_operations.cc:313] Find 11782 unique tokens in 1036 items
I0303 21:13:27.921350 18031 instance.cc:401] MasterModelConfig.processors_count is automatically set to 4
I0303 21:13:27.921607 18542 processor.cc:701] Processor thread started
I0303 21:13:27.921607 18543 processor.cc:701] Processor thread started
I0303 21:13:27.921607 18544 processor.cc:701] Processor thread started
I0303 21:13:27.921608 18031 c_interface.cc:271] Creating MasterModel (id=7)...
I0303 21:13:27.921633 18545 processor.cc:701] Processor thread started
I0303 21:13:27.921751 18031 c_interface.cc:372] Pass pwt to MN4artm4core15MasterComponentEFvRKNSt7__cxx1112basic_stringIcSt11char_traitsIcESaIcEEEE
I0303 21:13:27.921768 18031 c_interface.cc:372] Pass nwt to MN4artm4core15MasterComponentEFvRKNSt7__cxx1112basic_stringIcSt11char_traitsIcESaIcEEEE
I0303 21:13:27.921957 18031 c_interface.cc:386] Pass InitializeModelArgs: model_name=pwt, dictionary_name=4815bfbb-ec99-4416-b812-9205b3508260, topic_name_size=253 to MN4artm4core15MasterComponentEFvRKNS_19InitializeModelArgsEE
I0303 21:13:27.941846 18544 processor.cc:717] No data in processing queue, waiting...
I0303 21:13:27.941849 18543 processor.cc:717] No data in processing queue, waiting...
I0303 21:13:27.941846 18542 processor.cc:717] No data in processing queue, waiting...
I0303 21:13:27.941871 18545 processor.cc:717] No data in processing queue, waiting...
I0303 21:13:28.030553 18031 master_component.cc:620] InitializeModel() created matrix pwt with 253 topics and 11782 tokens; 
I0303 21:13:28.030838 18031 c_interface.cc:386] Pass InitializeModelArgs: model_name=nwt, dictionary_name=4815bfbb-ec99-4416-b812-9205b3508260, topic_name_size=253 to MN4artm4core15MasterComponentEFvRKNS_19InitializeModelArgsEE
I0303 21:13:28.191629 18031 master_component.cc:620] InitializeModel() created matrix nwt with 253 topics and 11782 tokens; 
I0303 21:13:28.191998 18031 phi_matrix_operations.cc:84] RetrieveExternalTopicModel() with 253 topics, 11782 tokens
I0303 21:13:28.228271 18031 c_interface.cc:230] ArtmCopyRequestedMessage is copying 391229 bytes...
I0303 21:13:28.244968 18517 processor.cc:709] Processor thread stopped
I0303 21:13:28.245004 18517 processor.cc:710] Total number of processed batches: 3
I0303 21:13:28.245115 18518 processor.cc:709] Processor thread stopped
I0303 21:13:28.245123 18518 processor.cc:710] Total number of processed batches: 3
I0303 21:13:28.246076 18519 processor.cc:709] Processor thread stopped
I0303 21:13:28.246155 18519 processor.cc:710] Total number of processed batches: 1
I0303 21:13:28.247107 18520 processor.cc:709] Processor thread stopped
I0303 21:13:28.247625 18520 processor.cc:710] Total number of processed batches: 3
I0303 21:13:28.260793 18031 c_interface.cc:336] Disposing MasterComponent (id=5)...
I0303 21:13:28.261507 18031 c_interface.cc:386] Pass MasterModelConfig: topic_name_size=253, score_config_size=2, num_processors=0, pwt_name=pwt, nwt_name=nwt, num_document_passes=10, reuse_theta=no, cache_theta=yes, opt_for_avx=yes, disk_cache_path to MN4artm4core15MasterComponentEFvRKNS_17MasterModelConfigEE
I0303 21:13:28.261566 18031 instance.cc:401] MasterModelConfig.processors_count is automatically set to 4
I0303 21:13:28.261906 18031 c_interface.cc:386] Pass MasterModelConfig: topic_name_size=253, score_config_size=3, num_processors=0, pwt_name=pwt, nwt_name=nwt, num_document_passes=10, reuse_theta=no, cache_theta=yes, opt_for_avx=yes, disk_cache_path to MN4artm4core15MasterComponentEFvRKNS_17MasterModelConfigEE
I0303 21:13:28.261978 18031 instance.cc:401] MasterModelConfig.processors_count is automatically set to 4
