I0303 21:13:28.262574 18031 c_interface.cc:386] Pass MasterModelConfig: topic_name_size=253, score_config_size=3, num_processors=0, pwt_name=pwt, nwt_name=nwt, num_document_passes=10, regularizer=(SparsePhi:-0.1), reuse_theta=no, cache_theta=yes, opt_for_avx=yes, disk_cache_path to MN4artm4core15MasterComponentEFvRKNS_17MasterModelConfigEE
I0303 21:13:28.262629 18031 instance.cc:401] MasterModelConfig.processors_count is automatically set to 4
I0303 21:13:28.262712 18031 instance.cc:232] Regularizer 'SparsePhi' was cold-reconfigured
I0303 21:13:28.263181 18031 c_interface.cc:386] Pass MasterModelConfig: topic_name_size=253, score_config_size=3, num_processors=0, pwt_name=pwt, nwt_name=nwt, num_document_passes=10, regularizer=(SparsePhi:-0.1), regularizer=(SmoothPhi:0.1), reuse_theta=no, cache_theta=yes, opt_for_avx=yes, disk_cache_path to MN4artm4core15MasterComponentEFvRKNS_17MasterModelConfigEE
I0303 21:13:28.263232 18031 instance.cc:401] MasterModelConfig.processors_count is automatically set to 4
I0303 21:13:28.263388 18031 instance.cc:232] Regularizer 'SparsePhi' was cold-reconfigured
I0303 21:13:28.263526 18031 instance.cc:232] Regularizer 'SmoothPhi' was cold-reconfigured
I0303 21:13:28.264811 18538 c_interface.cc:386] Pass FitOfflineMasterModelArgs, batch_filename_size=2, batch_weight_size=2, num_collection_passes=1 to MN4artm4core15MasterComponentEFvRKNS_25FitOfflineMasterModelArgsEE
I0303 21:13:28.264952 18538 master_component.cc:1340] ProcessBatchesArgs: nwt_target_name=nwt, batch_filename_size=2, batch_size=0, batch_weight_size=2, pwt_source_name=pwt, num_document_passes=10, regularizer=(name:SparsePhi, tau:-0.1), regularizer=(name:SmoothPhi, tau:0.1), reuse_theta=no, opt_for_avx=yes, predict_class_id=
I0303 21:13:28.289790 18545 processor.cc:724] Processing queue has data, processing started
I0303 21:13:28.290477 18544 processor.cc:724] Processing queue has data, processing started
I0303 21:13:28.292634 18544 processor.cc:802] Processor: start processing batch de0af3bc-7e74-4b14-b055-96658d962f0a into model nwt
I0303 21:13:28.303354 18545 processor.cc:802] Processor: start processing batch 9fee5ba8-7ede-4dfd-8618-6c8eecea945c into model nwt
I0303 21:13:28.338376 18544 processor.cc:898] Processor: complete processing batch de0af3bc-7e74-4b14-b055-96658d962f0a into model nwt
I0303 21:13:28.338667 18544 cuckoo_watch.h:45] 48ms in ProcessBatch(batches/aaaaab.batch) [including 1ms in LoadMessage; 0ms in InitializeSparseNdw; 43ms in InferThetaAndUpdateNwtSparse; 2ms in CalculateScore(^^^ItemsProcessedScore^^^); ]
I0303 21:13:28.359053 18544 processor.cc:717] No data in processing queue, waiting...
I0303 21:13:29.066418 18545 processor.cc:898] Processor: complete processing batch 9fee5ba8-7ede-4dfd-8618-6c8eecea945c into model nwt
I0303 21:13:29.067792 18545 cuckoo_watch.h:45] 777ms in ProcessBatch(batches/aaaaaa.batch) [including 12ms in LoadMessage; 1ms in InitializeSparseNdw; 734ms in InferThetaAndUpdateNwtSparse; 25ms in CalculateScore(^^^ItemsProcessedScore^^^); ]
I0303 21:13:29.068410 18538 master_component.cc:1378] RegularizeModelArgs: rwt_target_name=rwt, pwt_source_name=pwt, nwt_source_name=nwt
I0303 21:13:29.068418 18538 master_component.cc:922] MasterComponent: start regularizing model pwt
I0303 21:13:29.088402 18545 processor.cc:717] No data in processing queue, waiting...
I0303 21:13:29.245234 18538 master_component.cc:948] MasterComponent: complete regularizing model pwt
I0303 21:13:29.245256 18538 master_component.cc:1391] NormalizeModelArgs: pwt_target_name=pwt, nwt_source_name=nwt, rwt_source_name=rwt
I0303 21:13:29.245260 18538 master_component.cc:952] MasterComponent: start normalizing model nwt
I0303 21:13:29.264770 18031 c_interface.cc:559] Pass GetScoreValueArgs, score_name=^^^ItemsProcessedScore^^^ to MasterComponent::Request
I0303 21:13:29.264863 18031 c_interface.cc:230] ArtmCopyRequestedMessage is copying 46 bytes...
I0303 21:13:29.362913 18538 master_component.cc:980] MasterComponent: complete normalizing model nwt
I0303 21:13:29.559289 18538 master_component.cc:1415] DisposeModel rwt
I0303 21:13:29.563962 18538 master_component.cc:1005] FitOffline: ItemsProcessed, num_items=1036, num_batches=2, token_weight=202105, token_weight_in_effect=202105
I0303 21:13:29.564232 18031 c_interface.cc:559] Pass GetScoreValueArgs, score_name=^^^ItemsProcessedScore^^^ to MasterComponent::Request
I0303 21:13:29.564254 18031 c_interface.cc:230] ArtmCopyRequestedMessage is copying 46 bytes...
I0303 21:13:29.564525 18538 c_interface.cc:386] Pass FitOfflineMasterModelArgs, batch_filename_size=2, batch_weight_size=2, num_collection_passes=1 to MN4artm4core15MasterComponentEFvRKNS_25FitOfflineMasterModelArgsEE
I0303 21:13:29.564543 18538 master_component.cc:1340] ProcessBatchesArgs: nwt_target_name=nwt, batch_filename_size=2, batch_size=0, batch_weight_size=2, pwt_source_name=pwt, num_document_passes=10, regularizer=(name:SparsePhi, tau:-0.1), regularizer=(name:SmoothPhi, tau:0.1), reuse_theta=no, opt_for_avx=yes, predict_class_id=
I0303 21:13:29.582041 18542 processor.cc:724] Processing queue has data, processing started
I0303 21:13:29.582042 18545 processor.cc:724] Processing queue has data, processing started
I0303 21:13:29.583186 18545 processor.cc:802] Processor: start processing batch de0af3bc-7e74-4b14-b055-96658d962f0a into model nwt
I0303 21:13:29.588930 18542 processor.cc:802] Processor: start processing batch 9fee5ba8-7ede-4dfd-8618-6c8eecea945c into model nwt
I0303 21:13:29.608821 18545 processor.cc:898] Processor: complete processing batch de0af3bc-7e74-4b14-b055-96658d962f0a into model nwt
I0303 21:13:29.609019 18545 cuckoo_watch.h:45] 26ms in ProcessBatch(batches/aaaaab.batch) [including 0ms in LoadMessage; 0ms in InitializeSparseNdw; 23ms in InferThetaAndUpdateNwtSparse; 1ms in CalculateScore(^^^ItemsProcessedScore^^^); ]
I0303 21:13:29.629398 18545 processor.cc:717] No data in processing queue, waiting...
I0303 21:13:30.246316 18542 processor.cc:898] Processor: complete processing batch 9fee5ba8-7ede-4dfd-8618-6c8eecea945c into model nwt
I0303 21:13:30.247668 18542 cuckoo_watch.h:45] 665ms in ProcessBatch(batches/aaaaaa.batch) [including 6ms in LoadMessage; 1ms in InitializeSparseNdw; 630ms in InferThetaAndUpdateNwtSparse; 24ms in CalculateScore(^^^ItemsProcessedScore^^^); ]
I0303 21:13:30.248576 18538 master_component.cc:1378] RegularizeModelArgs: rwt_target_name=rwt, pwt_source_name=pwt, nwt_source_name=nwt
I0303 21:13:30.248584 18538 master_component.cc:922] MasterComponent: start regularizing model pwt
I0303 21:13:30.267985 18542 processor.cc:717] No data in processing queue, waiting...
I0303 21:13:30.430171 18538 master_component.cc:948] MasterComponent: complete regularizing model pwt
I0303 21:13:30.430194 18538 master_component.cc:1391] NormalizeModelArgs: pwt_target_name=pwt, nwt_source_name=nwt, rwt_source_name=rwt
I0303 21:13:30.430197 18538 master_component.cc:952] MasterComponent: start normalizing model nwt
I0303 21:13:30.550889 18538 master_component.cc:980] MasterComponent: complete normalizing model nwt
I0303 21:13:30.564599 18031 c_interface.cc:559] Pass GetScoreValueArgs, score_name=^^^ItemsProcessedScore^^^ to MasterComponent::Request
I0303 21:13:30.564640 18031 c_interface.cc:230] ArtmCopyRequestedMessage is copying 46 bytes...
I0303 21:13:30.737251 18538 master_component.cc:1415] DisposeModel rwt
I0303 21:13:30.741904 18538 master_component.cc:1005] FitOffline: ItemsProcessed, num_items=1036, num_batches=2, token_weight=202105, token_weight_in_effect=202105
I0303 21:13:30.742137 18031 c_interface.cc:559] Pass GetScoreValueArgs, score_name=^^^ItemsProcessedScore^^^ to MasterComponent::Request
I0303 21:13:30.742158 18031 c_interface.cc:230] ArtmCopyRequestedMessage is copying 46 bytes...
I0303 21:13:30.742465 18538 c_interface.cc:386] Pass FitOfflineMasterModelArgs, batch_filename_size=2, batch_weight_size=2, num_collection_passes=1 to MN4artm4core15MasterComponentEFvRKNS_25FitOfflineMasterModelArgsEE
I0303 21:13:30.742513 18538 master_component.cc:1340] ProcessBatchesArgs: nwt_target_name=nwt, batch_filename_size=2, batch_size=0, batch_weight_size=2, pwt_source_name=pwt, num_document_passes=10, regularizer=(name:SparsePhi, tau:-0.1), regularizer=(name:SmoothPhi, tau:0.1), reuse_theta=no, opt_for_avx=yes, predict_class_id=
I0303 21:13:30.758457 18544 processor.cc:724] Processing queue has data, processing started
I0303 21:13:30.759493 18542 processor.cc:724] Processing queue has data, processing started
I0303 21:13:30.760427 18542 processor.cc:802] Processor: start processing batch de0af3bc-7e74-4b14-b055-96658d962f0a into model nwt
I0303 21:13:30.764690 18544 processor.cc:802] Processor: start processing batch 9fee5ba8-7ede-4dfd-8618-6c8eecea945c into model nwt
I0303 21:13:30.786334 18542 processor.cc:898] Processor: complete processing batch de0af3bc-7e74-4b14-b055-96658d962f0a into model nwt
I0303 21:13:30.786574 18542 cuckoo_watch.h:45] 27ms in ProcessBatch(batches/aaaaab.batch) [including 0ms in LoadMessage; 0ms in InitializeSparseNdw; 24ms in InferThetaAndUpdateNwtSparse; 1ms in CalculateScore(^^^ItemsProcessedScore^^^); ]
I0303 21:13:30.807194 18542 processor.cc:717] No data in processing queue, waiting...
I0303 21:13:31.418718 18544 processor.cc:898] Processor: complete processing batch 9fee5ba8-7ede-4dfd-8618-6c8eecea945c into model nwt
I0303 21:13:31.420092 18544 cuckoo_watch.h:45] 661ms in ProcessBatch(batches/aaaaaa.batch) [including 5ms in LoadMessage; 1ms in InitializeSparseNdw; 626ms in InferThetaAndUpdateNwtSparse; 24ms in CalculateScore(^^^ItemsProcessedScore^^^); ]
I0303 21:13:31.420253 18538 master_component.cc:1378] RegularizeModelArgs: rwt_target_name=rwt, pwt_source_name=pwt, nwt_source_name=nwt
I0303 21:13:31.420259 18538 master_component.cc:922] MasterComponent: start regularizing model pwt
I0303 21:13:31.440367 18544 processor.cc:717] No data in processing queue, waiting...
I0303 21:13:31.598515 18538 master_component.cc:948] MasterComponent: complete regularizing model pwt
I0303 21:13:31.598537 18538 master_component.cc:1391] NormalizeModelArgs: pwt_target_name=pwt, nwt_source_name=nwt, rwt_source_name=rwt
I0303 21:13:31.598539 18538 master_component.cc:952] MasterComponent: start normalizing model nwt
I0303 21:13:31.717705 18538 master_component.cc:980] MasterComponent: complete normalizing model nwt
I0303 21:13:31.742537 18031 c_interface.cc:559] Pass GetScoreValueArgs, score_name=^^^ItemsProcessedScore^^^ to MasterComponent::Request
I0303 21:13:31.742574 18031 c_interface.cc:230] ArtmCopyRequestedMessage is copying 46 bytes...
I0303 21:13:31.902582 18538 master_component.cc:1415] DisposeModel rwt
I0303 21:13:31.907121 18538 master_component.cc:1005] FitOffline: ItemsProcessed, num_items=1036, num_batches=2, token_weight=202105, token_weight_in_effect=202105
I0303 21:13:31.907342 18031 c_interface.cc:559] Pass GetScoreValueArgs, score_name=^^^ItemsProcessedScore^^^ to MasterComponent::Request
I0303 21:13:31.907361 18031 c_interface.cc:230] ArtmCopyRequestedMessage is copying 46 bytes...
I0303 21:13:31.907663 18538 c_interface.cc:386] Pass FitOfflineMasterModelArgs, batch_filename_size=2, batch_weight_size=2, num_collection_passes=1 to MN4artm4core15MasterComponentEFvRKNS_25FitOfflineMasterModelArgsEE
I0303 21:13:31.907701 18538 master_component.cc:1340] ProcessBatchesArgs: nwt_target_name=nwt, batch_filename_size=2, batch_size=0, batch_weight_size=2, pwt_source_name=pwt, num_document_passes=10, regularizer=(name:SparsePhi, tau:-0.1), regularizer=(name:SmoothPhi, tau:0.1), reuse_theta=no, opt_for_avx=yes, predict_class_id=
I0303 21:13:31.923641 18543 processor.cc:724] Processing queue has data, processing started
I0303 21:13:31.924978 18544 processor.cc:724] Processing queue has data, processing started
I0303 21:13:31.926276 18544 processor.cc:802] Processor: start processing batch de0af3bc-7e74-4b14-b055-96658d962f0a into model nwt
I0303 21:13:31.932946 18543 processor.cc:802] Processor: start processing batch 9fee5ba8-7ede-4dfd-8618-6c8eecea945c into model nwt
I0303 21:13:31.954819 18544 processor.cc:898] Processor: complete processing batch de0af3bc-7e74-4b14-b055-96658d962f0a into model nwt
I0303 21:13:31.955056 18544 cuckoo_watch.h:45] 30ms in ProcessBatch(batches/aaaaab.batch) [including 0ms in LoadMessage; 0ms in InitializeSparseNdw; 26ms in InferThetaAndUpdateNwtSparse; 1ms in CalculateScore(^^^ItemsProcessedScore^^^); ]
I0303 21:13:31.975307 18544 processor.cc:717] No data in processing queue, waiting...
I0303 21:13:32.586122 18543 processor.cc:898] Processor: complete processing batch 9fee5ba8-7ede-4dfd-8618-6c8eecea945c into model nwt
I0303 21:13:32.587409 18543 cuckoo_watch.h:45] 663ms in ProcessBatch(batches/aaaaaa.batch) [including 8ms in LoadMessage; 1ms in InitializeSparseNdw; 624ms in InferThetaAndUpdateNwtSparse; 25ms in CalculateScore(^^^ItemsProcessedScore^^^); ]
I0303 21:13:32.588115 18538 master_component.cc:1378] RegularizeModelArgs: rwt_target_name=rwt, pwt_source_name=pwt, nwt_source_name=nwt
I0303 21:13:32.588121 18538 master_component.cc:922] MasterComponent: start regularizing model pwt
I0303 21:13:32.607738 18543 processor.cc:717] No data in processing queue, waiting...
I0303 21:13:32.767421 18538 master_component.cc:948] MasterComponent: complete regularizing model pwt
I0303 21:13:32.767446 18538 master_component.cc:1391] NormalizeModelArgs: pwt_target_name=pwt, nwt_source_name=nwt, rwt_source_name=rwt
I0303 21:13:32.767448 18538 master_component.cc:952] MasterComponent: start normalizing model nwt
I0303 21:13:32.886534 18538 master_component.cc:980] MasterComponent: complete normalizing model nwt
I0303 21:13:32.907737 18031 c_interface.cc:559] Pass GetScoreValueArgs, score_name=^^^ItemsProcessedScore^^^ to MasterComponent::Request
I0303 21:13:32.907783 18031 c_interface.cc:230] ArtmCopyRequestedMessage is copying 46 bytes...
I0303 21:13:33.078464 18538 master_component.cc:1415] DisposeModel rwt
I0303 21:13:33.083199 18538 master_component.cc:1005] FitOffline: ItemsProcessed, num_items=1036, num_batches=2, token_weight=202105, token_weight_in_effect=202105
I0303 21:13:33.083390 18031 c_interface.cc:559] Pass GetScoreValueArgs, score_name=^^^ItemsProcessedScore^^^ to MasterComponent::Request
I0303 21:13:33.083411 18031 c_interface.cc:230] ArtmCopyRequestedMessage is copying 46 bytes...
I0303 21:13:33.083715 18538 c_interface.cc:386] Pass FitOfflineMasterModelArgs, batch_filename_size=2, batch_weight_size=2, num_collection_passes=1 to MN4artm4core15MasterComponentEFvRKNS_25FitOfflineMasterModelArgsEE
I0303 21:13:33.083753 18538 master_component.cc:1340] ProcessBatchesArgs: nwt_target_name=nwt, batch_filename_size=2, batch_size=0, batch_weight_size=2, pwt_source_name=pwt, num_document_passes=10, regularizer=(name:SparsePhi, tau:-0.1), regularizer=(name:SmoothPhi, tau:0.1), reuse_theta=no, opt_for_avx=yes, predict_class_id=
I0303 21:13:33.099445 18542 processor.cc:724] Processing queue has data, processing started
I0303 21:13:33.100809 18543 processor.cc:724] Processing queue has data, processing started
I0303 21:13:33.102111 18543 processor.cc:802] Processor: start processing batch de0af3bc-7e74-4b14-b055-96658d962f0a into model nwt
I0303 21:13:33.107151 18542 processor.cc:802] Processor: start processing batch 9fee5ba8-7ede-4dfd-8618-6c8eecea945c into model nwt
I0303 21:13:33.128801 18543 processor.cc:898] Processor: complete processing batch de0af3bc-7e74-4b14-b055-96658d962f0a into model nwt
I0303 21:13:33.128999 18543 cuckoo_watch.h:45] 28ms in ProcessBatch(batches/aaaaab.batch) [including 0ms in LoadMessage; 0ms in InitializeSparseNdw; 24ms in InferThetaAndUpdateNwtSparse; 1ms in CalculateScore(^^^ItemsProcessedScore^^^); ]
I0303 21:13:33.149646 18543 processor.cc:717] No data in processing queue, waiting...
I0303 21:13:33.763317 18542 processor.cc:898] Processor: complete processing batch 9fee5ba8-7ede-4dfd-8618-6c8eecea945c into model nwt
I0303 21:13:33.764709 18542 cuckoo_watch.h:45] 665ms in ProcessBatch(batches/aaaaaa.batch) [including 7ms in LoadMessage; 1ms in InitializeSparseNdw; 628ms in InferThetaAndUpdateNwtSparse; 24ms in CalculateScore(^^^ItemsProcessedScore^^^); ]
I0303 21:13:33.765775 18538 master_component.cc:1378] RegularizeModelArgs: rwt_target_name=rwt, pwt_source_name=pwt, nwt_source_name=nwt
I0303 21:13:33.765782 18538 master_component.cc:922] MasterComponent: start regularizing model pwt
I0303 21:13:33.785046 18542 processor.cc:717] No data in processing queue, waiting...
I0303 21:13:33.943409 18538 master_component.cc:948] MasterComponent: complete regularizing model pwt
I0303 21:13:33.943433 18538 master_component.cc:1391] NormalizeModelArgs: pwt_target_name=pwt, nwt_source_name=nwt, rwt_source_name=rwt
I0303 21:13:33.943435 18538 master_component.cc:952] MasterComponent: start normalizing model nwt
I0303 21:13:34.060808 18538 master_component.cc:980] MasterComponent: complete normalizing model nwt
I0303 21:13:34.083781 18031 c_interface.cc:559] Pass GetScoreValueArgs, score_name=^^^ItemsProcessedScore^^^ to MasterComponent::Request
I0303 21:13:34.083814 18031 c_interface.cc:230] ArtmCopyRequestedMessage is copying 46 bytes...
I0303 21:13:34.259588 18538 master_component.cc:1415] DisposeModel rwt
I0303 21:13:34.264339 18538 master_component.cc:1005] FitOffline: ItemsProcessed, num_items=1036, num_batches=2, token_weight=202105, token_weight_in_effect=202105
I0303 21:13:34.264524 18031 c_interface.cc:559] Pass GetScoreValueArgs, score_name=^^^ItemsProcessedScore^^^ to MasterComponent::Request
I0303 21:13:34.264544 18031 c_interface.cc:230] ArtmCopyRequestedMessage is copying 46 bytes...
I0303 21:13:48.059757 18031 c_interface.cc:271] Creating MasterModel (id=8)...
I0303 21:13:48.059820 18031 c_interface.cc:372] Pass 4815bfbb-ec99-4416-b812-9205b3508260 to MN4artm4core15MasterComponentEFvRKNSt7__cxx1112basic_stringIcSt11char_traitsIcESaIcEEEE
I0303 21:13:48.061302 18031 c_interface.cc:336] Disposing MasterComponent (id=6)...
I0303 21:13:48.061415 18031 c_interface.cc:372] Pass 316cdf23-2f6c-47a3-83cf-1dc7aebc10e3 to MN4artm4core15MasterComponentEFvRKNSt7__cxx1112basic_stringIcSt11char_traitsIcESaIcEEEE
I0303 21:13:48.061507 18031 c_interface.cc:386] Pass GatherDictionaryArgs: dictionary_target_name=316cdf23-2f6c-47a3-83cf-1dc7aebc10e3, data_path=batches, symmetric_cooc_values=0 to MN4artm4core15MasterComponentEFvRKNS_20GatherDictionaryArgsEE
I0303 21:13:48.061553 18031 dictionary_operations.cc:249] Found 2 batches in 'batches' folder
I0303 21:13:48.086905 18031 dictionary_operations.cc:313] Find 11782 unique tokens in 1036 items
I0303 21:13:48.098170 18031 instance.cc:401] MasterModelConfig.processors_count is automatically set to 4
I0303 21:13:48.098246 18555 processor.cc:701] Processor thread started
I0303 21:13:48.098263 18554 processor.cc:701] Processor thread started
I0303 21:13:48.098278 18031 c_interface.cc:271] Creating MasterModel (id=9)...
I0303 21:13:48.098275 18553 processor.cc:701] Processor thread started
I0303 21:13:48.098280 18556 processor.cc:701] Processor thread started
I0303 21:13:48.098361 18031 c_interface.cc:372] Pass pwt to MN4artm4core15MasterComponentEFvRKNSt7__cxx1112basic_stringIcSt11char_traitsIcESaIcEEEE
I0303 21:13:48.098376 18031 c_interface.cc:372] Pass nwt to MN4artm4core15MasterComponentEFvRKNSt7__cxx1112basic_stringIcSt11char_traitsIcESaIcEEEE
I0303 21:13:48.098549 18031 c_interface.cc:386] Pass InitializeModelArgs: model_name=pwt, dictionary_name=316cdf23-2f6c-47a3-83cf-1dc7aebc10e3, topic_name_size=253 to MN4artm4core15MasterComponentEFvRKNS_19InitializeModelArgsEE
I0303 21:13:48.118324 18554 processor.cc:717] No data in processing queue, waiting...
I0303 21:13:48.118700 18555 processor.cc:717] No data in processing queue, waiting...
I0303 21:13:48.118703 18556 processor.cc:717] No data in processing queue, waiting...
I0303 21:13:48.118700 18553 processor.cc:717] No data in processing queue, waiting...
I0303 21:13:48.219022 18031 master_component.cc:620] InitializeModel() created matrix pwt with 253 topics and 11782 tokens; 
I0303 21:13:48.219301 18031 c_interface.cc:386] Pass InitializeModelArgs: model_name=nwt, dictionary_name=316cdf23-2f6c-47a3-83cf-1dc7aebc10e3, topic_name_size=253 to MN4artm4core15MasterComponentEFvRKNS_19InitializeModelArgsEE
I0303 21:13:48.394322 18031 master_component.cc:620] InitializeModel() created matrix nwt with 253 topics and 11782 tokens; 
I0303 21:13:48.394847 18031 phi_matrix_operations.cc:84] RetrieveExternalTopicModel() with 253 topics, 11782 tokens
I0303 21:13:48.429682 18031 c_interface.cc:230] ArtmCopyRequestedMessage is copying 391229 bytes...
I0303 21:13:48.452533 18542 processor.cc:709] Processor thread stopped
I0303 21:13:48.452553 18542 processor.cc:710] Total number of processed batches: 3
I0303 21:13:48.453599 18543 processor.cc:709] Processor thread stopped
I0303 21:13:48.453670 18543 processor.cc:710] Total number of processed batches: 2
I0303 21:13:48.454069 18544 processor.cc:709] Processor thread stopped
I0303 21:13:48.454089 18544 processor.cc:710] Total number of processed batches: 3
I0303 21:13:48.454350 18545 processor.cc:709] Processor thread stopped
I0303 21:13:48.454382 18545 processor.cc:710] Total number of processed batches: 2
I0303 21:13:48.471179 18031 c_interface.cc:336] Disposing MasterComponent (id=7)...
I0303 21:13:48.472571 18031 c_interface.cc:386] Pass MasterModelConfig: topic_name_size=253, score_config_size=2, num_processors=0, pwt_name=pwt, nwt_name=nwt, num_document_passes=10, reuse_theta=no, cache_theta=yes, opt_for_avx=yes, disk_cache_path to MN4artm4core15MasterComponentEFvRKNS_17MasterModelConfigEE
I0303 21:13:48.472645 18031 instance.cc:401] MasterModelConfig.processors_count is automatically set to 4
I0303 21:13:48.473327 18031 c_interface.cc:386] Pass MasterModelConfig: topic_name_size=253, score_config_size=3, num_processors=0, pwt_name=pwt, nwt_name=nwt, num_document_passes=10, reuse_theta=no, cache_theta=yes, opt_for_avx=yes, disk_cache_path to MN4artm4core15MasterComponentEFvRKNS_17MasterModelConfigEE
I0303 21:13:48.473399 18031 instance.cc:401] MasterModelConfig.processors_count is automatically set to 4
I0303 21:13:48.474279 18031 c_interface.cc:386] Pass MasterModelConfig: topic_name_size=253, score_config_size=3, num_processors=0, pwt_name=pwt, nwt_name=nwt, num_document_passes=10, regularizer=(SparsePhi:-0.1), reuse_theta=no, cache_theta=yes, opt_for_avx=yes, disk_cache_path to MN4artm4core15MasterComponentEFvRKNS_17MasterModelConfigEE
I0303 21:13:48.474354 18031 instance.cc:401] MasterModelConfig.processors_count is automatically set to 4
I0303 21:13:48.474485 18031 instance.cc:232] Regularizer 'SparsePhi' was cold-reconfigured
I0303 21:13:48.475039 18031 c_interface.cc:386] Pass MasterModelConfig: topic_name_size=253, score_config_size=3, num_processors=0, pwt_name=pwt, nwt_name=nwt, num_document_passes=10, regularizer=(SparsePhi:-0.1), regularizer=(SmoothPhi:0.1), reuse_theta=no, cache_theta=yes, opt_for_avx=yes, disk_cache_path to MN4artm4core15MasterComponentEFvRKNS_17MasterModelConfigEE
I0303 21:13:48.475090 18031 instance.cc:401] MasterModelConfig.processors_count is automatically set to 4
I0303 21:13:48.475244 18031 instance.cc:232] Regularizer 'SparsePhi' was cold-reconfigured
I0303 21:13:48.475271 18031 instance.cc:232] Regularizer 'SmoothPhi' was cold-reconfigured
I0303 21:13:48.475864 18549 c_interface.cc:386] Pass FitOfflineMasterModelArgs, batch_filename_size=2, batch_weight_size=2, num_collection_passes=1 to MN4artm4core15MasterComponentEFvRKNS_25FitOfflineMasterModelArgsEE
I0303 21:13:48.475898 18549 master_component.cc:1340] ProcessBatchesArgs: nwt_target_name=nwt, batch_filename_size=2, batch_size=0, batch_weight_size=2, pwt_source_name=pwt, num_document_passes=10, regularizer=(name:SparsePhi, tau:-0.1), regularizer=(name:SmoothPhi, tau:0.1), reuse_theta=no, opt_for_avx=yes, predict_class_id=
I0303 21:13:48.506297 18553 processor.cc:724] Processing queue has data, processing started
I0303 21:13:48.506558 18556 processor.cc:724] Processing queue has data, processing started
I0303 21:13:48.508303 18556 processor.cc:802] Processor: start processing batch de0af3bc-7e74-4b14-b055-96658d962f0a into model nwt
I0303 21:13:48.521723 18553 processor.cc:802] Processor: start processing batch 9fee5ba8-7ede-4dfd-8618-6c8eecea945c into model nwt
I0303 21:13:48.548915 18556 processor.cc:898] Processor: complete processing batch de0af3bc-7e74-4b14-b055-96658d962f0a into model nwt
I0303 21:13:48.549159 18556 cuckoo_watch.h:45] 42ms in ProcessBatch(batches/aaaaab.batch) [including 0ms in LoadMessage; 0ms in InitializeSparseNdw; 38ms in InferThetaAndUpdateNwtSparse; 2ms in CalculateScore(^^^ItemsProcessedScore^^^); ]
I0303 21:13:48.569334 18556 processor.cc:717] No data in processing queue, waiting...
I0303 21:13:49.260288 18553 processor.cc:898] Processor: complete processing batch 9fee5ba8-7ede-4dfd-8618-6c8eecea945c into model nwt
I0303 21:13:49.261726 18553 cuckoo_watch.h:45] 755ms in ProcessBatch(batches/aaaaaa.batch) [including 14ms in LoadMessage; 2ms in InitializeSparseNdw; 707ms in InferThetaAndUpdateNwtSparse; 27ms in CalculateScore(^^^ItemsProcessedScore^^^); ]
I0303 21:13:49.261943 18549 master_component.cc:1378] RegularizeModelArgs: rwt_target_name=rwt, pwt_source_name=pwt, nwt_source_name=nwt
I0303 21:13:49.261951 18549 master_component.cc:922] MasterComponent: start regularizing model pwt
I0303 21:13:49.282282 18553 processor.cc:717] No data in processing queue, waiting...
I0303 21:13:49.448782 18549 master_component.cc:948] MasterComponent: complete regularizing model pwt
I0303 21:13:49.448807 18549 master_component.cc:1391] NormalizeModelArgs: pwt_target_name=pwt, nwt_source_name=nwt, rwt_source_name=rwt
I0303 21:13:49.448808 18549 master_component.cc:952] MasterComponent: start normalizing model nwt
I0303 21:13:49.475935 18031 c_interface.cc:559] Pass GetScoreValueArgs, score_name=^^^ItemsProcessedScore^^^ to MasterComponent::Request
I0303 21:13:49.476002 18031 c_interface.cc:230] ArtmCopyRequestedMessage is copying 46 bytes...
I0303 21:13:49.571799 18549 master_component.cc:980] MasterComponent: complete normalizing model nwt
I0303 21:13:49.781981 18549 master_component.cc:1415] DisposeModel rwt
I0303 21:13:49.786640 18549 master_component.cc:1005] FitOffline: ItemsProcessed, num_items=1036, num_batches=2, token_weight=202105, token_weight_in_effect=202105
I0303 21:13:49.786909 18031 c_interface.cc:559] Pass GetScoreValueArgs, score_name=^^^ItemsProcessedScore^^^ to MasterComponent::Request
I0303 21:13:49.786929 18031 c_interface.cc:230] ArtmCopyRequestedMessage is copying 46 bytes...
I0303 21:13:49.787238 18549 c_interface.cc:386] Pass FitOfflineMasterModelArgs, batch_filename_size=2, batch_weight_size=2, num_collection_passes=1 to MN4artm4core15MasterComponentEFvRKNS_25FitOfflineMasterModelArgsEE
I0303 21:13:49.787256 18549 master_component.cc:1340] ProcessBatchesArgs: nwt_target_name=nwt, batch_filename_size=2, batch_size=0, batch_weight_size=2, pwt_source_name=pwt, num_document_passes=10, regularizer=(name:SparsePhi, tau:-0.1), regularizer=(name:SmoothPhi, tau:0.1), reuse_theta=no, opt_for_avx=yes, predict_class_id=
I0303 21:13:49.804533 18554 processor.cc:724] Processing queue has data, processing started
I0303 21:13:49.804566 18555 processor.cc:724] Processing queue has data, processing started
I0303 21:13:49.805934 18555 processor.cc:802] Processor: start processing batch de0af3bc-7e74-4b14-b055-96658d962f0a into model nwt
I0303 21:13:49.815151 18554 processor.cc:802] Processor: start processing batch 9fee5ba8-7ede-4dfd-8618-6c8eecea945c into model nwt
I0303 21:13:49.835850 18555 processor.cc:898] Processor: complete processing batch de0af3bc-7e74-4b14-b055-96658d962f0a into model nwt
I0303 21:13:49.836174 18555 cuckoo_watch.h:45] 31ms in ProcessBatch(batches/aaaaab.batch) [including 0ms in LoadMessage; 0ms in InitializeSparseNdw; 27ms in InferThetaAndUpdateNwtSparse; 2ms in CalculateScore(^^^ItemsProcessedScore^^^); ]
I0303 21:13:49.856305 18555 processor.cc:717] No data in processing queue, waiting...
I0303 21:13:50.491600 18554 processor.cc:898] Processor: complete processing batch 9fee5ba8-7ede-4dfd-8618-6c8eecea945c into model nwt
I0303 21:13:50.493012 18554 cuckoo_watch.h:45] 688ms in ProcessBatch(batches/aaaaaa.batch) [including 9ms in LoadMessage; 1ms in InitializeSparseNdw; 647ms in InferThetaAndUpdateNwtSparse; 26ms in CalculateScore(^^^ItemsProcessedScore^^^); ]
I0303 21:13:50.493114 18549 master_component.cc:1378] RegularizeModelArgs: rwt_target_name=rwt, pwt_source_name=pwt, nwt_source_name=nwt
I0303 21:13:50.493122 18549 master_component.cc:922] MasterComponent: start regularizing model pwt
I0303 21:13:50.513475 18554 processor.cc:717] No data in processing queue, waiting...
I0303 21:13:50.685806 18549 master_component.cc:948] MasterComponent: complete regularizing model pwt
I0303 21:13:50.685832 18549 master_component.cc:1391] NormalizeModelArgs: pwt_target_name=pwt, nwt_source_name=nwt, rwt_source_name=rwt
I0303 21:13:50.685833 18549 master_component.cc:952] MasterComponent: start normalizing model nwt
I0303 21:13:50.787371 18031 c_interface.cc:559] Pass GetScoreValueArgs, score_name=^^^ItemsProcessedScore^^^ to MasterComponent::Request
I0303 21:13:50.787410 18031 c_interface.cc:230] ArtmCopyRequestedMessage is copying 46 bytes...
I0303 21:13:50.821111 18549 master_component.cc:980] MasterComponent: complete normalizing model nwt
I0303 21:13:51.102391 18549 master_component.cc:1415] DisposeModel rwt
I0303 21:13:51.107358 18549 master_component.cc:1005] FitOffline: ItemsProcessed, num_items=1036, num_batches=2, token_weight=202105, token_weight_in_effect=202105
I0303 21:13:51.107589 18031 c_interface.cc:559] Pass GetScoreValueArgs, score_name=^^^ItemsProcessedScore^^^ to MasterComponent::Request
I0303 21:13:51.107609 18031 c_interface.cc:230] ArtmCopyRequestedMessage is copying 46 bytes...
I0303 21:13:51.107892 18549 c_interface.cc:386] Pass FitOfflineMasterModelArgs, batch_filename_size=2, batch_weight_size=2, num_collection_passes=1 to MN4artm4core15MasterComponentEFvRKNS_25FitOfflineMasterModelArgsEE
I0303 21:13:51.107911 18549 master_component.cc:1340] ProcessBatchesArgs: nwt_target_name=nwt, batch_filename_size=2, batch_size=0, batch_weight_size=2, pwt_source_name=pwt, num_document_passes=10, regularizer=(name:SparsePhi, tau:-0.1), regularizer=(name:SmoothPhi, tau:0.1), reuse_theta=no, opt_for_avx=yes, predict_class_id=
I0303 21:13:51.125265 18556 processor.cc:724] Processing queue has data, processing started
I0303 21:13:51.125388 18555 processor.cc:724] Processing queue has data, processing started
I0303 21:13:51.126744 18555 processor.cc:802] Processor: start processing batch de0af3bc-7e74-4b14-b055-96658d962f0a into model nwt
I0303 21:13:51.134279 18556 processor.cc:802] Processor: start processing batch 9fee5ba8-7ede-4dfd-8618-6c8eecea945c into model nwt
I0303 21:13:51.156980 18555 processor.cc:898] Processor: complete processing batch de0af3bc-7e74-4b14-b055-96658d962f0a into model nwt
I0303 21:13:51.157330 18555 cuckoo_watch.h:45] 31ms in ProcessBatch(batches/aaaaab.batch) [including 0ms in LoadMessage; 0ms in InitializeSparseNdw; 27ms in InferThetaAndUpdateNwtSparse; 2ms in CalculateScore(^^^ItemsProcessedScore^^^); ]
I0303 21:13:51.177426 18555 processor.cc:717] No data in processing queue, waiting...
I0303 21:13:51.936312 18556 processor.cc:898] Processor: complete processing batch 9fee5ba8-7ede-4dfd-8618-6c8eecea945c into model nwt
I0303 21:13:51.938156 18556 cuckoo_watch.h:45] 812ms in ProcessBatch(batches/aaaaaa.batch) [including 8ms in LoadMessage; 1ms in InitializeSparseNdw; 758ms in InferThetaAndUpdateNwtSparse; 39ms in CalculateScore(^^^ItemsProcessedScore^^^); ]
I0303 21:13:51.938927 18549 master_component.cc:1378] RegularizeModelArgs: rwt_target_name=rwt, pwt_source_name=pwt, nwt_source_name=nwt
I0303 21:13:51.938948 18549 master_component.cc:922] MasterComponent: start regularizing model pwt
I0303 21:13:51.958247 18556 processor.cc:717] No data in processing queue, waiting...
I0303 21:13:52.108055 18031 c_interface.cc:559] Pass GetScoreValueArgs, score_name=^^^ItemsProcessedScore^^^ to MasterComponent::Request
I0303 21:13:52.108096 18031 c_interface.cc:230] ArtmCopyRequestedMessage is copying 46 bytes...
I0303 21:13:52.143316 18549 master_component.cc:948] MasterComponent: complete regularizing model pwt
I0303 21:13:52.143366 18549 master_component.cc:1391] NormalizeModelArgs: pwt_target_name=pwt, nwt_source_name=nwt, rwt_source_name=rwt
I0303 21:13:52.143370 18549 master_component.cc:952] MasterComponent: start normalizing model nwt
I0303 21:13:52.263942 18549 master_component.cc:980] MasterComponent: complete normalizing model nwt
I0303 21:13:52.517792 18549 master_component.cc:1415] DisposeModel rwt
I0303 21:13:52.524281 18549 master_component.cc:1005] FitOffline: ItemsProcessed, num_items=1036, num_batches=2, token_weight=202105, token_weight_in_effect=202105
I0303 21:13:52.524540 18031 c_interface.cc:559] Pass GetScoreValueArgs, score_name=^^^ItemsProcessedScore^^^ to MasterComponent::Request
I0303 21:13:52.524565 18031 c_interface.cc:230] ArtmCopyRequestedMessage is copying 46 bytes...
I0303 21:13:52.524916 18549 c_interface.cc:386] Pass FitOfflineMasterModelArgs, batch_filename_size=2, batch_weight_size=2, num_collection_passes=1 to MN4artm4core15MasterComponentEFvRKNS_25FitOfflineMasterModelArgsEE
I0303 21:13:52.524941 18549 master_component.cc:1340] ProcessBatchesArgs: nwt_target_name=nwt, batch_filename_size=2, batch_size=0, batch_weight_size=2, pwt_source_name=pwt, num_document_passes=10, regularizer=(name:SparsePhi, tau:-0.1), regularizer=(name:SmoothPhi, tau:0.1), reuse_theta=no, opt_for_avx=yes, predict_class_id=
I0303 21:13:52.547857 18553 processor.cc:724] Processing queue has data, processing started
I0303 21:13:52.549576 18556 processor.cc:724] Processing queue has data, processing started
I0303 21:13:52.551160 18556 processor.cc:802] Processor: start processing batch de0af3bc-7e74-4b14-b055-96658d962f0a into model nwt
I0303 21:13:52.558843 18553 processor.cc:802] Processor: start processing batch 9fee5ba8-7ede-4dfd-8618-6c8eecea945c into model nwt
I0303 21:13:52.592504 18556 processor.cc:898] Processor: complete processing batch de0af3bc-7e74-4b14-b055-96658d962f0a into model nwt
I0303 21:13:52.592762 18556 cuckoo_watch.h:45] 43ms in ProcessBatch(batches/aaaaab.batch) [including 0ms in LoadMessage; 0ms in InitializeSparseNdw; 38ms in InferThetaAndUpdateNwtSparse; 2ms in CalculateScore(^^^ItemsProcessedScore^^^); ]
I0303 21:13:52.613149 18556 processor.cc:717] No data in processing queue, waiting...
I0303 21:13:53.262254 18553 processor.cc:898] Processor: complete processing batch 9fee5ba8-7ede-4dfd-8618-6c8eecea945c into model nwt
I0303 21:13:53.263576 18553 cuckoo_watch.h:45] 715ms in ProcessBatch(batches/aaaaaa.batch) [including 10ms in LoadMessage; 1ms in InitializeSparseNdw; 673ms in InferThetaAndUpdateNwtSparse; 27ms in CalculateScore(^^^ItemsProcessedScore^^^); ]
I0303 21:13:53.264521 18549 master_component.cc:1378] RegularizeModelArgs: rwt_target_name=rwt, pwt_source_name=pwt, nwt_source_name=nwt
I0303 21:13:53.264526 18549 master_component.cc:922] MasterComponent: start regularizing model pwt
I0303 21:13:53.283637 18553 processor.cc:717] No data in processing queue, waiting...
I0303 21:13:53.453500 18549 master_component.cc:948] MasterComponent: complete regularizing model pwt
I0303 21:13:53.453522 18549 master_component.cc:1391] NormalizeModelArgs: pwt_target_name=pwt, nwt_source_name=nwt, rwt_source_name=rwt
I0303 21:13:53.453526 18549 master_component.cc:952] MasterComponent: start normalizing model nwt
I0303 21:13:53.525059 18031 c_interface.cc:559] Pass GetScoreValueArgs, score_name=^^^ItemsProcessedScore^^^ to MasterComponent::Request
I0303 21:13:53.525099 18031 c_interface.cc:230] ArtmCopyRequestedMessage is copying 46 bytes...
I0303 21:13:53.585431 18549 master_component.cc:980] MasterComponent: complete normalizing model nwt
I0303 21:13:53.783129 18549 master_component.cc:1415] DisposeModel rwt
I0303 21:13:53.788161 18549 master_component.cc:1005] FitOffline: ItemsProcessed, num_items=1036, num_batches=2, token_weight=202105, token_weight_in_effect=202105
I0303 21:13:53.788400 18031 c_interface.cc:559] Pass GetScoreValueArgs, score_name=^^^ItemsProcessedScore^^^ to MasterComponent::Request
I0303 21:13:53.788420 18031 c_interface.cc:230] ArtmCopyRequestedMessage is copying 46 bytes...
I0303 21:13:53.788758 18549 c_interface.cc:386] Pass FitOfflineMasterModelArgs, batch_filename_size=2, batch_weight_size=2, num_collection_passes=1 to MN4artm4core15MasterComponentEFvRKNS_25FitOfflineMasterModelArgsEE
I0303 21:13:53.788779 18549 master_component.cc:1340] ProcessBatchesArgs: nwt_target_name=nwt, batch_filename_size=2, batch_size=0, batch_weight_size=2, pwt_source_name=pwt, num_document_passes=10, regularizer=(name:SparsePhi, tau:-0.1), regularizer=(name:SmoothPhi, tau:0.1), reuse_theta=no, opt_for_avx=yes, predict_class_id=
I0303 21:13:53.805908 18554 processor.cc:724] Processing queue has data, processing started
I0303 21:13:53.806242 18555 processor.cc:724] Processing queue has data, processing started
I0303 21:13:53.807657 18555 processor.cc:802] Processor: start processing batch de0af3bc-7e74-4b14-b055-96658d962f0a into model nwt
I0303 21:13:53.812201 18554 processor.cc:802] Processor: start processing batch 9fee5ba8-7ede-4dfd-8618-6c8eecea945c into model nwt
I0303 21:13:53.835494 18555 processor.cc:898] Processor: complete processing batch de0af3bc-7e74-4b14-b055-96658d962f0a into model nwt
I0303 21:13:53.835825 18555 cuckoo_watch.h:45] 29ms in ProcessBatch(batches/aaaaab.batch) [including 0ms in LoadMessage; 0ms in InitializeSparseNdw; 25ms in InferThetaAndUpdateNwtSparse; 1ms in CalculateScore(^^^ItemsProcessedScore^^^); ]
I0303 21:13:53.856410 18555 processor.cc:717] No data in processing queue, waiting...
I0303 21:13:54.506534 18554 processor.cc:898] Processor: complete processing batch 9fee5ba8-7ede-4dfd-8618-6c8eecea945c into model nwt
I0303 21:13:54.508344 18554 cuckoo_watch.h:45] 702ms in ProcessBatch(batches/aaaaaa.batch) [including 5ms in LoadMessage; 1ms in InitializeSparseNdw; 641ms in InferThetaAndUpdateNwtSparse; 49ms in CalculateScore(^^^ItemsProcessedScore^^^); ]
I0303 21:13:54.508642 18549 master_component.cc:1378] RegularizeModelArgs: rwt_target_name=rwt, pwt_source_name=pwt, nwt_source_name=nwt
I0303 21:13:54.508651 18549 master_component.cc:922] MasterComponent: start regularizing model pwt
I0303 21:13:54.528776 18554 processor.cc:717] No data in processing queue, waiting...
I0303 21:13:54.703897 18549 master_component.cc:948] MasterComponent: complete regularizing model pwt
I0303 21:13:54.703925 18549 master_component.cc:1391] NormalizeModelArgs: pwt_target_name=pwt, nwt_source_name=nwt, rwt_source_name=rwt
I0303 21:13:54.703928 18549 master_component.cc:952] MasterComponent: start normalizing model nwt
I0303 21:13:54.788944 18031 c_interface.cc:559] Pass GetScoreValueArgs, score_name=^^^ItemsProcessedScore^^^ to MasterComponent::Request
I0303 21:13:54.788976 18031 c_interface.cc:230] ArtmCopyRequestedMessage is copying 46 bytes...
I0303 21:13:54.836855 18549 master_component.cc:980] MasterComponent: complete normalizing model nwt
I0303 21:13:55.052173 18549 master_component.cc:1415] DisposeModel rwt
I0303 21:13:55.057005 18549 master_component.cc:1005] FitOffline: ItemsProcessed, num_items=1036, num_batches=2, token_weight=202105, token_weight_in_effect=202105
I0303 21:13:55.057235 18031 c_interface.cc:559] Pass GetScoreValueArgs, score_name=^^^ItemsProcessedScore^^^ to MasterComponent::Request
I0303 21:13:55.057256 18031 c_interface.cc:230] ArtmCopyRequestedMessage is copying 46 bytes...
I0303 21:13:55.059716 18031 c_interface.cc:271] Creating MasterModel (id=10)...
I0303 21:13:55.059999 18031 collection_parser.cc:557] CollectionParserConfig.num_threads is automatically set to 4
I0303 21:13:55.061034 18031 c_interface.cc:372] Pass f5f94f8e-8d0a-4d1e-ab6b-9bb126e375e0 to MN4artm4core15MasterComponentEFvRKNSt7__cxx1112basic_stringIcSt11char_traitsIcESaIcEEEE
I0303 21:13:55.061092 18031 c_interface.cc:386] Pass GatherDictionaryArgs: dictionary_target_name=f5f94f8e-8d0a-4d1e-ab6b-9bb126e375e0, data_path=query/batches, symmetric_cooc_values=0 to MN4artm4core15MasterComponentEFvRKNS_20GatherDictionaryArgsEE
I0303 21:13:55.061122 18031 dictionary_operations.cc:249] Found 1 batches in 'query/batches' folder
I0303 21:13:55.061151 18031 dictionary_operations.cc:313] Find 4 unique tokens in 1 items
I0303 21:13:55.061597 18549 c_interface.cc:575] Pass TransformMasterModelArgs, batch_filename_size=1, batch_size=0, theta_matrix_type=1, predict_class_id= to MasterComponent::Request (extended)
I0303 21:13:55.062156 18554 processor.cc:724] Processing queue has data, processing started
I0303 21:13:55.062191 18554 processor.cc:802] Processor: start processing batch 462b965f-974c-4bd5-ad6b-30daa6f32206 into model 0x7f5ae01599e0
I0303 21:13:55.062304 18554 processor.cc:898] Processor: complete processing batch 462b965f-974c-4bd5-ad6b-30daa6f32206 into model 0x7f5ae01599e0
I0303 21:13:55.062320 18554 cuckoo_watch.h:45] 0ms in ProcessBatch(query/batches/aaaaaa.batch) [including 0ms in LoadMessage; 0ms in InitializeSparseNdw; 0ms in InferThetaAndUpdateNwtSparse; 0ms in CalculateScore(^^^ItemsProcessedScore^^^); ]
I0303 21:13:55.063100 18549 master_component.cc:1005] Transform: ItemsProcessed, num_items=1, num_batches=1, token_weight=4, token_weight_in_effect=4
W0303 21:13:55.063117 18549 check_messages.h:1075] Inconsistent fields size in ThetaMatrix: 1 vs 0 vs 1 vs 0;
I0303 21:13:55.063187 18549 c_interface.cc:230] ArtmCopyRequestedMessage is copying 2684 bytes...
I0303 21:13:55.063324 18549 c_interface.cc:235] ArtmCopyRequestedObject is copying 1012 bytes...
I0303 21:13:55.063503 18031 c_interface.cc:559] Pass GetScoreValueArgs, score_name=^^^ItemsProcessedScore^^^ to MasterComponent::Request
I0303 21:13:55.063534 18031 c_interface.cc:230] ArtmCopyRequestedMessage is copying 45 bytes...
I0303 21:13:55.083014 18554 processor.cc:717] No data in processing queue, waiting...
I0303 21:14:52.939072 18031 c_interface.cc:271] Creating MasterModel (id=11)...
I0303 21:14:52.939204 18031 c_interface.cc:372] Pass 316cdf23-2f6c-47a3-83cf-1dc7aebc10e3 to MN4artm4core15MasterComponentEFvRKNSt7__cxx1112basic_stringIcSt11char_traitsIcESaIcEEEE
I0303 21:14:52.940834 18031 c_interface.cc:336] Disposing MasterComponent (id=8)...
I0303 21:14:52.940955 18031 c_interface.cc:372] Pass 29c76ced-9f9c-44d2-bf28-88f571a9f502 to MN4artm4core15MasterComponentEFvRKNSt7__cxx1112basic_stringIcSt11char_traitsIcESaIcEEEE
I0303 21:14:52.941052 18031 c_interface.cc:386] Pass GatherDictionaryArgs: dictionary_target_name=29c76ced-9f9c-44d2-bf28-88f571a9f502, data_path=batches, symmetric_cooc_values=0 to MN4artm4core15MasterComponentEFvRKNS_20GatherDictionaryArgsEE
I0303 21:14:52.941099 18031 dictionary_operations.cc:249] Found 2 batches in 'batches' folder
I0303 21:14:52.970754 18031 dictionary_operations.cc:313] Find 11782 unique tokens in 1036 items
I0303 21:14:52.981065 18031 c_interface.cc:372] Pass f5f94f8e-8d0a-4d1e-ab6b-9bb126e375e0 to MN4artm4core15MasterComponentEFvRKNSt7__cxx1112basic_stringIcSt11char_traitsIcESaIcEEEE
I0303 21:14:52.981103 18031 c_interface.cc:336] Disposing MasterComponent (id=10)...
I0303 21:14:52.982290 18031 instance.cc:401] MasterModelConfig.processors_count is automatically set to 4
I0303 21:14:52.982414 19078 processor.cc:701] Processor thread started
I0303 21:14:52.982460 19079 processor.cc:701] Processor thread started
I0303 21:14:52.982477 18031 c_interface.cc:271] Creating MasterModel (id=12)...
I0303 21:14:52.982477 19080 processor.cc:701] Processor thread started
I0303 21:14:52.982480 19081 processor.cc:701] Processor thread started
I0303 21:14:52.982589 18031 c_interface.cc:372] Pass pwt to MN4artm4core15MasterComponentEFvRKNSt7__cxx1112basic_stringIcSt11char_traitsIcESaIcEEEE
I0303 21:14:52.982609 18031 c_interface.cc:372] Pass nwt to MN4artm4core15MasterComponentEFvRKNSt7__cxx1112basic_stringIcSt11char_traitsIcESaIcEEEE
I0303 21:14:52.982816 18031 c_interface.cc:386] Pass InitializeModelArgs: model_name=pwt, dictionary_name=29c76ced-9f9c-44d2-bf28-88f571a9f502, topic_name_size=253 to MN4artm4core15MasterComponentEFvRKNS_19InitializeModelArgsEE
I0303 21:14:53.002970 19079 processor.cc:717] No data in processing queue, waiting...
I0303 21:14:53.002990 19078 processor.cc:717] No data in processing queue, waiting...
I0303 21:14:53.003005 19081 processor.cc:717] No data in processing queue, waiting...
I0303 21:14:53.003012 19080 processor.cc:717] No data in processing queue, waiting...
I0303 21:14:53.094368 18031 master_component.cc:620] InitializeModel() created matrix pwt with 253 topics and 11782 tokens; 
I0303 21:14:53.094669 18031 c_interface.cc:386] Pass InitializeModelArgs: model_name=nwt, dictionary_name=29c76ced-9f9c-44d2-bf28-88f571a9f502, topic_name_size=253 to MN4artm4core15MasterComponentEFvRKNS_19InitializeModelArgsEE
I0303 21:14:53.267091 18031 master_component.cc:620] InitializeModel() created matrix nwt with 253 topics and 11782 tokens; 
I0303 21:14:53.267458 18031 phi_matrix_operations.cc:84] RetrieveExternalTopicModel() with 253 topics, 11782 tokens
I0303 21:14:53.307179 18031 c_interface.cc:230] ArtmCopyRequestedMessage is copying 391229 bytes...
I0303 21:14:53.322386 18553 processor.cc:709] Processor thread stopped
I0303 21:14:53.322415 18553 processor.cc:710] Total number of processed batches: 2
I0303 21:14:53.323519 18554 processor.cc:709] Processor thread stopped
I0303 21:14:53.323541 18554 processor.cc:710] Total number of processed batches: 3
I0303 21:14:53.324671 18555 processor.cc:709] Processor thread stopped
I0303 21:14:53.324703 18555 processor.cc:710] Total number of processed batches: 3
I0303 21:14:53.325690 18556 processor.cc:709] Processor thread stopped
I0303 21:14:53.325716 18556 processor.cc:710] Total number of processed batches: 3
I0303 21:14:53.345927 18031 c_interface.cc:336] Disposing MasterComponent (id=9)...
I0303 21:14:53.346653 18031 c_interface.cc:386] Pass MasterModelConfig: topic_name_size=253, score_config_size=2, num_processors=0, pwt_name=pwt, nwt_name=nwt, num_document_passes=10, reuse_theta=no, cache_theta=yes, opt_for_avx=yes, disk_cache_path to MN4artm4core15MasterComponentEFvRKNS_17MasterModelConfigEE
I0303 21:14:53.346752 18031 instance.cc:401] MasterModelConfig.processors_count is automatically set to 4
I0303 21:14:53.347192 18031 c_interface.cc:386] Pass MasterModelConfig: topic_name_size=253, score_config_size=3, num_processors=0, pwt_name=pwt, nwt_name=nwt, num_document_passes=10, reuse_theta=no, cache_theta=yes, opt_for_avx=yes, disk_cache_path to MN4artm4core15MasterComponentEFvRKNS_17MasterModelConfigEE
I0303 21:14:53.347229 18031 instance.cc:401] MasterModelConfig.processors_count is automatically set to 4
I0303 21:14:53.347858 18031 c_interface.cc:386] Pass MasterModelConfig: topic_name_size=253, score_config_size=3, num_processors=0, pwt_name=pwt, nwt_name=nwt, num_document_passes=10, regularizer=(SparsePhi:-0.1), reuse_theta=no, cache_theta=yes, opt_for_avx=yes, disk_cache_path to MN4artm4core15MasterComponentEFvRKNS_17MasterModelConfigEE
I0303 21:14:53.347892 18031 instance.cc:401] MasterModelConfig.processors_count is automatically set to 4
I0303 21:14:53.347993 18031 instance.cc:232] Regularizer 'SparsePhi' was cold-reconfigured
I0303 21:14:53.348340 18031 c_interface.cc:386] Pass MasterModelConfig: topic_name_size=253, score_config_size=3, num_processors=0, pwt_name=pwt, nwt_name=nwt, num_document_passes=10, regularizer=(SparsePhi:-0.1), regularizer=(SmoothPhi:0.1), reuse_theta=no, cache_theta=yes, opt_for_avx=yes, disk_cache_path to MN4artm4core15MasterComponentEFvRKNS_17MasterModelConfigEE
I0303 21:14:53.348368 18031 instance.cc:401] MasterModelConfig.processors_count is automatically set to 4
I0303 21:14:53.348446 18031 instance.cc:232] Regularizer 'SparsePhi' was cold-reconfigured
I0303 21:14:53.348464 18031 instance.cc:232] Regularizer 'SmoothPhi' was cold-reconfigured
I0303 21:14:53.348940 19074 c_interface.cc:386] Pass FitOfflineMasterModelArgs, batch_filename_size=2, batch_weight_size=2, num_collection_passes=1 to MN4artm4core15MasterComponentEFvRKNS_25FitOfflineMasterModelArgsEE
I0303 21:14:53.348971 19074 master_component.cc:1340] ProcessBatchesArgs: nwt_target_name=nwt, batch_filename_size=2, batch_size=0, batch_weight_size=2, pwt_source_name=pwt, num_document_passes=10, regularizer=(name:SparsePhi, tau:-0.1), regularizer=(name:SmoothPhi, tau:0.1), reuse_theta=no, opt_for_avx=yes, predict_class_id=
I0303 21:14:53.381117 19079 processor.cc:724] Processing queue has data, processing started
I0303 21:14:53.381734 19078 processor.cc:724] Processing queue has data, processing started
I0303 21:14:53.382609 19078 processor.cc:802] Processor: start processing batch de0af3bc-7e74-4b14-b055-96658d962f0a into model nwt
I0303 21:14:53.388003 19079 processor.cc:802] Processor: start processing batch 9fee5ba8-7ede-4dfd-8618-6c8eecea945c into model nwt
I0303 21:14:53.428639 19078 processor.cc:898] Processor: complete processing batch de0af3bc-7e74-4b14-b055-96658d962f0a into model nwt
I0303 21:14:53.429307 19078 cuckoo_watch.h:45] 47ms in ProcessBatch(batches/aaaaab.batch) [including 0ms in LoadMessage; 0ms in InitializeSparseNdw; 40ms in InferThetaAndUpdateNwtSparse; 4ms in CalculateScore(^^^ItemsProcessedScore^^^); ]
I0303 21:14:53.450069 19078 processor.cc:717] No data in processing queue, waiting...
I0303 21:14:54.154364 19079 processor.cc:898] Processor: complete processing batch 9fee5ba8-7ede-4dfd-8618-6c8eecea945c into model nwt
