I0303 21:17:34.165621 18031 c_interface.cc:559] Pass GetScoreValueArgs, score_name=^^^ItemsProcessedScore^^^ to MasterComponent::Request
I0303 21:17:34.165664 18031 c_interface.cc:230] ArtmCopyRequestedMessage is copying 46 bytes...
I0303 21:17:34.344498 19198 master_component.cc:1415] DisposeModel rwt
I0303 21:17:34.349244 19198 master_component.cc:1005] FitOffline: ItemsProcessed, num_items=1036, num_batches=2, token_weight=202105, token_weight_in_effect=202105
I0303 21:17:34.349432 18031 c_interface.cc:559] Pass GetScoreValueArgs, score_name=^^^ItemsProcessedScore^^^ to MasterComponent::Request
I0303 21:17:34.349452 18031 c_interface.cc:230] ArtmCopyRequestedMessage is copying 46 bytes...
I0303 21:17:34.351094 18031 c_interface.cc:271] Creating MasterModel (id=31)...
I0303 21:17:34.351445 18031 collection_parser.cc:557] CollectionParserConfig.num_threads is automatically set to 4
W0303 21:17:34.352113 19208 helpers.cc:221] File already exists: query/batches/aaaaaa.batch
I0303 21:17:34.352654 18031 c_interface.cc:372] Pass 03e1f3f6-6cb8-413f-9b07-72f5591ecfc7 to MN4artm4core15MasterComponentEFvRKNSt7__cxx1112basic_stringIcSt11char_traitsIcESaIcEEEE
I0303 21:17:34.352700 18031 c_interface.cc:386] Pass GatherDictionaryArgs: dictionary_target_name=03e1f3f6-6cb8-413f-9b07-72f5591ecfc7, data_path=query/batches, symmetric_cooc_values=0 to MN4artm4core15MasterComponentEFvRKNS_20GatherDictionaryArgsEE
I0303 21:17:34.352763 18031 dictionary_operations.cc:249] Found 1 batches in 'query/batches' folder
I0303 21:17:34.352803 18031 dictionary_operations.cc:313] Find 4 unique tokens in 1 items
I0303 21:17:34.353214 19198 c_interface.cc:575] Pass TransformMasterModelArgs, batch_filename_size=1, batch_size=0, theta_matrix_type=1, predict_class_id= to MasterComponent::Request (extended)
I0303 21:17:34.353770 19203 processor.cc:724] Processing queue has data, processing started
I0303 21:17:34.353801 19203 processor.cc:802] Processor: start processing batch ebd793f6-ab42-4f3f-a258-4336106140c4 into model 0x7f5adcda30d0
I0303 21:17:34.353916 19203 processor.cc:898] Processor: complete processing batch ebd793f6-ab42-4f3f-a258-4336106140c4 into model 0x7f5adcda30d0
I0303 21:17:34.353930 19203 cuckoo_watch.h:45] 0ms in ProcessBatch(query/batches/aaaaaa.batch) [including 0ms in LoadMessage; 0ms in InitializeSparseNdw; 0ms in InferThetaAndUpdateNwtSparse; 0ms in CalculateScore(^^^ItemsProcessedScore^^^); ]
I0303 21:17:34.354810 19198 master_component.cc:1005] Transform: ItemsProcessed, num_items=1, num_batches=1, token_weight=4, token_weight_in_effect=4
W0303 21:17:34.354830 19198 check_messages.h:1075] Inconsistent fields size in ThetaMatrix: 1 vs 0 vs 1 vs 0;
I0303 21:17:34.354918 19198 c_interface.cc:230] ArtmCopyRequestedMessage is copying 2684 bytes...
I0303 21:17:34.355033 19198 c_interface.cc:235] ArtmCopyRequestedObject is copying 1012 bytes...
I0303 21:17:34.355170 18031 c_interface.cc:559] Pass GetScoreValueArgs, score_name=^^^ItemsProcessedScore^^^ to MasterComponent::Request
I0303 21:17:34.355206 18031 c_interface.cc:230] ArtmCopyRequestedMessage is copying 45 bytes...
I0303 21:17:34.375648 19203 processor.cc:717] No data in processing queue, waiting...
I0303 21:17:51.627646 18031 c_interface.cc:271] Creating MasterModel (id=32)...
I0303 21:17:51.627810 18031 c_interface.cc:372] Pass a440114e-70e7-4d2a-bec3-781126f6bae4 to MN4artm4core15MasterComponentEFvRKNSt7__cxx1112basic_stringIcSt11char_traitsIcESaIcEEEE
I0303 21:17:51.631829 18031 c_interface.cc:336] Disposing MasterComponent (id=29)...
I0303 21:17:51.632064 18031 c_interface.cc:372] Pass bf54df7c-5f55-49f8-940f-f459d7cd92e5 to MN4artm4core15MasterComponentEFvRKNSt7__cxx1112basic_stringIcSt11char_traitsIcESaIcEEEE
I0303 21:17:51.632225 18031 c_interface.cc:386] Pass GatherDictionaryArgs: dictionary_target_name=bf54df7c-5f55-49f8-940f-f459d7cd92e5, data_path=batches, symmetric_cooc_values=0 to MN4artm4core15MasterComponentEFvRKNS_20GatherDictionaryArgsEE
I0303 21:17:51.632314 18031 dictionary_operations.cc:249] Found 2 batches in 'batches' folder
I0303 21:17:51.668272 18031 dictionary_operations.cc:313] Find 11782 unique tokens in 1036 items
I0303 21:17:51.677500 18031 c_interface.cc:372] Pass 03e1f3f6-6cb8-413f-9b07-72f5591ecfc7 to MN4artm4core15MasterComponentEFvRKNSt7__cxx1112basic_stringIcSt11char_traitsIcESaIcEEEE
I0303 21:17:51.677536 18031 c_interface.cc:336] Disposing MasterComponent (id=31)...
I0303 21:18:13.398121 18031 instance.cc:401] MasterModelConfig.processors_count is automatically set to 4
I0303 21:18:13.398597 19225 processor.cc:701] Processor thread started
I0303 21:18:13.398757 19226 processor.cc:701] Processor thread started
I0303 21:18:13.398808 18031 c_interface.cc:271] Creating MasterModel (id=33)...
I0303 21:18:13.398841 19228 processor.cc:701] Processor thread started
I0303 21:18:13.399232 18031 c_interface.cc:372] Pass pwt to MN4artm4core15MasterComponentEFvRKNSt7__cxx1112basic_stringIcSt11char_traitsIcESaIcEEEE
I0303 21:18:13.399340 18031 c_interface.cc:372] Pass nwt to MN4artm4core15MasterComponentEFvRKNSt7__cxx1112basic_stringIcSt11char_traitsIcESaIcEEEE
I0303 21:18:13.400527 18031 c_interface.cc:386] Pass InitializeModelArgs: model_name=pwt, dictionary_name=bf54df7c-5f55-49f8-940f-f459d7cd92e5, topic_name_size=253 to MN4artm4core15MasterComponentEFvRKNS_19InitializeModelArgsEE
I0303 21:18:13.403769 19227 processor.cc:701] Processor thread started
I0303 21:18:13.425974 19225 processor.cc:717] No data in processing queue, waiting...
I0303 21:18:13.426017 19226 processor.cc:717] No data in processing queue, waiting...
I0303 21:18:13.426040 19228 processor.cc:717] No data in processing queue, waiting...
I0303 21:18:13.431349 19227 processor.cc:717] No data in processing queue, waiting...
I0303 21:18:13.550063 18031 master_component.cc:620] InitializeModel() created matrix pwt with 253 topics and 11782 tokens; 
I0303 21:18:13.550431 18031 c_interface.cc:386] Pass InitializeModelArgs: model_name=nwt, dictionary_name=bf54df7c-5f55-49f8-940f-f459d7cd92e5, topic_name_size=253 to MN4artm4core15MasterComponentEFvRKNS_19InitializeModelArgsEE
I0303 21:18:13.674237 18031 master_component.cc:620] InitializeModel() created matrix nwt with 253 topics and 11782 tokens; 
I0303 21:18:13.674955 18031 phi_matrix_operations.cc:84] RetrieveExternalTopicModel() with 253 topics, 11782 tokens
I0303 21:18:13.704131 18031 c_interface.cc:230] ArtmCopyRequestedMessage is copying 391229 bytes...
I0303 21:18:13.722946 19202 processor.cc:709] Processor thread stopped
I0303 21:18:13.722968 19202 processor.cc:710] Total number of processed batches: 1
I0303 21:18:13.723479 19203 processor.cc:709] Processor thread stopped
I0303 21:18:13.723486 19203 processor.cc:710] Total number of processed batches: 3
I0303 21:18:13.723996 19204 processor.cc:709] Processor thread stopped
I0303 21:18:13.724011 19204 processor.cc:710] Total number of processed batches: 1
I0303 21:18:13.724730 19205 processor.cc:709] Processor thread stopped
I0303 21:18:13.724737 19205 processor.cc:710] Total number of processed batches: 2
I0303 21:18:13.732148 18031 c_interface.cc:336] Disposing MasterComponent (id=30)...
I0303 21:18:13.732668 18031 c_interface.cc:386] Pass MasterModelConfig: topic_name_size=253, score_config_size=2, num_processors=0, pwt_name=pwt, nwt_name=nwt, num_document_passes=10, reuse_theta=no, cache_theta=yes, opt_for_avx=yes, disk_cache_path to MN4artm4core15MasterComponentEFvRKNS_17MasterModelConfigEE
I0303 21:18:13.732698 18031 instance.cc:401] MasterModelConfig.processors_count is automatically set to 4
I0303 21:18:13.732939 18031 c_interface.cc:386] Pass MasterModelConfig: topic_name_size=253, score_config_size=3, num_processors=0, pwt_name=pwt, nwt_name=nwt, num_document_passes=10, reuse_theta=no, cache_theta=yes, opt_for_avx=yes, disk_cache_path to MN4artm4core15MasterComponentEFvRKNS_17MasterModelConfigEE
I0303 21:18:13.732964 18031 instance.cc:401] MasterModelConfig.processors_count is automatically set to 4
I0303 21:18:13.733366 18031 c_interface.cc:386] Pass MasterModelConfig: topic_name_size=253, score_config_size=3, num_processors=0, pwt_name=pwt, nwt_name=nwt, num_document_passes=10, regularizer=(SparsePhi:-0.1), reuse_theta=no, cache_theta=yes, opt_for_avx=yes, disk_cache_path to MN4artm4core15MasterComponentEFvRKNS_17MasterModelConfigEE
I0303 21:18:13.733392 18031 instance.cc:401] MasterModelConfig.processors_count is automatically set to 4
I0303 21:18:13.733449 18031 instance.cc:232] Regularizer 'SparsePhi' was cold-reconfigured
I0303 21:18:13.733721 18031 c_interface.cc:386] Pass MasterModelConfig: topic_name_size=253, score_config_size=3, num_processors=0, pwt_name=pwt, nwt_name=nwt, num_document_passes=10, regularizer=(SparsePhi:-0.1), regularizer=(SmoothPhi:0.1), reuse_theta=no, cache_theta=yes, opt_for_avx=yes, disk_cache_path to MN4artm4core15MasterComponentEFvRKNS_17MasterModelConfigEE
I0303 21:18:13.733814 18031 instance.cc:401] MasterModelConfig.processors_count is automatically set to 4
I0303 21:18:13.733875 18031 instance.cc:232] Regularizer 'SparsePhi' was cold-reconfigured
I0303 21:18:13.733886 18031 instance.cc:232] Regularizer 'SmoothPhi' was cold-reconfigured
I0303 21:18:13.734242 19221 c_interface.cc:386] Pass FitOfflineMasterModelArgs, batch_filename_size=2, batch_weight_size=2, num_collection_passes=1 to MN4artm4core15MasterComponentEFvRKNS_25FitOfflineMasterModelArgsEE
I0303 21:18:13.734259 19221 master_component.cc:1340] ProcessBatchesArgs: nwt_target_name=nwt, batch_filename_size=2, batch_size=0, batch_weight_size=2, pwt_source_name=pwt, num_document_passes=10, regularizer=(name:SparsePhi, tau:-0.1), regularizer=(name:SmoothPhi, tau:0.1), reuse_theta=no, opt_for_avx=yes, predict_class_id=
I0303 21:18:13.762044 19225 processor.cc:724] Processing queue has data, processing started
I0303 21:18:13.763128 19227 processor.cc:724] Processing queue has data, processing started
I0303 21:18:13.764088 19227 processor.cc:802] Processor: start processing batch de0af3bc-7e74-4b14-b055-96658d962f0a into model nwt
I0303 21:18:13.767509 19225 processor.cc:802] Processor: start processing batch 9fee5ba8-7ede-4dfd-8618-6c8eecea945c into model nwt
I0303 21:18:13.802330 19227 processor.cc:898] Processor: complete processing batch de0af3bc-7e74-4b14-b055-96658d962f0a into model nwt
I0303 21:18:13.802646 19227 cuckoo_watch.h:45] 39ms in ProcessBatch(batches/aaaaab.batch) [including 0ms in LoadMessage; 0ms in InitializeSparseNdw; 35ms in InferThetaAndUpdateNwtSparse; 2ms in CalculateScore(^^^ItemsProcessedScore^^^); ]
I0303 21:18:13.823066 19227 processor.cc:717] No data in processing queue, waiting...
I0303 21:18:14.581434 19225 processor.cc:898] Processor: complete processing batch 9fee5ba8-7ede-4dfd-8618-6c8eecea945c into model nwt
I0303 21:18:14.582679 19225 cuckoo_watch.h:45] 820ms in ProcessBatch(batches/aaaaaa.batch) [including 4ms in LoadMessage; 0ms in InitializeSparseNdw; 785ms in InferThetaAndUpdateNwtSparse; 26ms in CalculateScore(^^^ItemsProcessedScore^^^); ]
I0303 21:18:14.583806 19221 master_component.cc:1378] RegularizeModelArgs: rwt_target_name=rwt, pwt_source_name=pwt, nwt_source_name=nwt
I0303 21:18:14.583817 19221 master_component.cc:922] MasterComponent: start regularizing model pwt
I0303 21:18:14.602964 19225 processor.cc:717] No data in processing queue, waiting...
I0303 21:18:14.734387 18031 c_interface.cc:559] Pass GetScoreValueArgs, score_name=^^^ItemsProcessedScore^^^ to MasterComponent::Request
I0303 21:18:14.734460 18031 c_interface.cc:230] ArtmCopyRequestedMessage is copying 46 bytes...
I0303 21:18:14.760541 19221 master_component.cc:948] MasterComponent: complete regularizing model pwt
I0303 21:18:14.760563 19221 master_component.cc:1391] NormalizeModelArgs: pwt_target_name=pwt, nwt_source_name=nwt, rwt_source_name=rwt
I0303 21:18:14.760566 19221 master_component.cc:952] MasterComponent: start normalizing model nwt
I0303 21:18:14.903365 19221 master_component.cc:980] MasterComponent: complete normalizing model nwt
I0303 21:18:15.109573 19221 master_component.cc:1415] DisposeModel rwt
I0303 21:18:15.114158 19221 master_component.cc:1005] FitOffline: ItemsProcessed, num_items=1036, num_batches=2, token_weight=202105, token_weight_in_effect=202105
I0303 21:18:15.114418 18031 c_interface.cc:559] Pass GetScoreValueArgs, score_name=^^^ItemsProcessedScore^^^ to MasterComponent::Request
I0303 21:18:15.114439 18031 c_interface.cc:230] ArtmCopyRequestedMessage is copying 46 bytes...
I0303 21:18:15.114760 19221 c_interface.cc:386] Pass FitOfflineMasterModelArgs, batch_filename_size=2, batch_weight_size=2, num_collection_passes=1 to MN4artm4core15MasterComponentEFvRKNS_25FitOfflineMasterModelArgsEE
I0303 21:18:15.114780 19221 master_component.cc:1340] ProcessBatchesArgs: nwt_target_name=nwt, batch_filename_size=2, batch_size=0, batch_weight_size=2, pwt_source_name=pwt, num_document_passes=10, regularizer=(name:SparsePhi, tau:-0.1), regularizer=(name:SmoothPhi, tau:0.1), reuse_theta=no, opt_for_avx=yes, predict_class_id=
I0303 21:18:15.132701 19225 processor.cc:724] Processing queue has data, processing started
I0303 21:18:15.132755 19226 processor.cc:724] Processing queue has data, processing started
I0303 21:18:15.133632 19226 processor.cc:802] Processor: start processing batch de0af3bc-7e74-4b14-b055-96658d962f0a into model nwt
I0303 21:18:15.138861 19225 processor.cc:802] Processor: start processing batch 9fee5ba8-7ede-4dfd-8618-6c8eecea945c into model nwt
I0303 21:18:15.159495 19226 processor.cc:898] Processor: complete processing batch de0af3bc-7e74-4b14-b055-96658d962f0a into model nwt
I0303 21:18:15.159700 19226 cuckoo_watch.h:45] 26ms in ProcessBatch(batches/aaaaab.batch) [including 0ms in LoadMessage; 0ms in InitializeSparseNdw; 24ms in InferThetaAndUpdateNwtSparse; 1ms in CalculateScore(^^^ItemsProcessedScore^^^); ]
I0303 21:18:15.180511 19226 processor.cc:717] No data in processing queue, waiting...
I0303 21:18:15.823487 19225 processor.cc:898] Processor: complete processing batch 9fee5ba8-7ede-4dfd-8618-6c8eecea945c into model nwt
I0303 21:18:15.824868 19225 cuckoo_watch.h:45] 692ms in ProcessBatch(batches/aaaaaa.batch) [including 5ms in LoadMessage; 0ms in InitializeSparseNdw; 657ms in InferThetaAndUpdateNwtSparse; 25ms in CalculateScore(^^^ItemsProcessedScore^^^); ]
I0303 21:18:15.825600 19221 master_component.cc:1378] RegularizeModelArgs: rwt_target_name=rwt, pwt_source_name=pwt, nwt_source_name=nwt
I0303 21:18:15.825608 19221 master_component.cc:922] MasterComponent: start regularizing model pwt
I0303 21:18:15.845566 19225 processor.cc:717] No data in processing queue, waiting...
I0303 21:18:16.009415 19221 master_component.cc:948] MasterComponent: complete regularizing model pwt
I0303 21:18:16.009438 19221 master_component.cc:1391] NormalizeModelArgs: pwt_target_name=pwt, nwt_source_name=nwt, rwt_source_name=rwt
I0303 21:18:16.009441 19221 master_component.cc:952] MasterComponent: start normalizing model nwt
I0303 21:18:16.114781 18031 c_interface.cc:559] Pass GetScoreValueArgs, score_name=^^^ItemsProcessedScore^^^ to MasterComponent::Request
I0303 21:18:16.114817 18031 c_interface.cc:230] ArtmCopyRequestedMessage is copying 46 bytes...
I0303 21:18:16.131093 19221 master_component.cc:980] MasterComponent: complete normalizing model nwt
I0303 21:18:16.317580 19221 master_component.cc:1415] DisposeModel rwt
I0303 21:18:16.322326 19221 master_component.cc:1005] FitOffline: ItemsProcessed, num_items=1036, num_batches=2, token_weight=202105, token_weight_in_effect=202105
I0303 21:18:16.322543 18031 c_interface.cc:559] Pass GetScoreValueArgs, score_name=^^^ItemsProcessedScore^^^ to MasterComponent::Request
I0303 21:18:16.322564 18031 c_interface.cc:230] ArtmCopyRequestedMessage is copying 46 bytes...
I0303 21:18:16.322849 19221 c_interface.cc:386] Pass FitOfflineMasterModelArgs, batch_filename_size=2, batch_weight_size=2, num_collection_passes=1 to MN4artm4core15MasterComponentEFvRKNS_25FitOfflineMasterModelArgsEE
I0303 21:18:16.322870 19221 master_component.cc:1340] ProcessBatchesArgs: nwt_target_name=nwt, batch_filename_size=2, batch_size=0, batch_weight_size=2, pwt_source_name=pwt, num_document_passes=10, regularizer=(name:SparsePhi, tau:-0.1), regularizer=(name:SmoothPhi, tau:0.1), reuse_theta=no, opt_for_avx=yes, predict_class_id=
I0303 21:18:16.339478 19227 processor.cc:724] Processing queue has data, processing started
I0303 21:18:16.339561 19226 processor.cc:724] Processing queue has data, processing started
I0303 21:18:16.340735 19227 processor.cc:802] Processor: start processing batch de0af3bc-7e74-4b14-b055-96658d962f0a into model nwt
I0303 21:18:16.348618 19226 processor.cc:802] Processor: start processing batch 9fee5ba8-7ede-4dfd-8618-6c8eecea945c into model nwt
I0303 21:18:16.368621 19227 processor.cc:898] Processor: complete processing batch de0af3bc-7e74-4b14-b055-96658d962f0a into model nwt
I0303 21:18:16.368902 19227 cuckoo_watch.h:45] 29ms in ProcessBatch(batches/aaaaab.batch) [including 0ms in LoadMessage; 0ms in InitializeSparseNdw; 25ms in InferThetaAndUpdateNwtSparse; 1ms in CalculateScore(^^^ItemsProcessedScore^^^); ]
I0303 21:18:16.388969 19227 processor.cc:717] No data in processing queue, waiting...
I0303 21:18:17.002907 19226 processor.cc:898] Processor: complete processing batch 9fee5ba8-7ede-4dfd-8618-6c8eecea945c into model nwt
I0303 21:18:17.004281 19226 cuckoo_watch.h:45] 664ms in ProcessBatch(batches/aaaaaa.batch) [including 8ms in LoadMessage; 1ms in InitializeSparseNdw; 626ms in InferThetaAndUpdateNwtSparse; 25ms in CalculateScore(^^^ItemsProcessedScore^^^); ]
I0303 21:18:17.004673 19221 master_component.cc:1378] RegularizeModelArgs: rwt_target_name=rwt, pwt_source_name=pwt, nwt_source_name=nwt
I0303 21:18:17.004680 19221 master_component.cc:922] MasterComponent: start regularizing model pwt
I0303 21:18:17.024878 19226 processor.cc:717] No data in processing queue, waiting...
I0303 21:18:17.183217 19221 master_component.cc:948] MasterComponent: complete regularizing model pwt
I0303 21:18:17.183241 19221 master_component.cc:1391] NormalizeModelArgs: pwt_target_name=pwt, nwt_source_name=nwt, rwt_source_name=rwt
I0303 21:18:17.183244 19221 master_component.cc:952] MasterComponent: start normalizing model nwt
I0303 21:18:17.302467 19221 master_component.cc:980] MasterComponent: complete normalizing model nwt
I0303 21:18:17.322883 18031 c_interface.cc:559] Pass GetScoreValueArgs, score_name=^^^ItemsProcessedScore^^^ to MasterComponent::Request
I0303 21:18:17.322916 18031 c_interface.cc:230] ArtmCopyRequestedMessage is copying 46 bytes...
I0303 21:18:17.488807 19221 master_component.cc:1415] DisposeModel rwt
I0303 21:18:17.493522 19221 master_component.cc:1005] FitOffline: ItemsProcessed, num_items=1036, num_batches=2, token_weight=202105, token_weight_in_effect=202105
I0303 21:18:17.493749 18031 c_interface.cc:559] Pass GetScoreValueArgs, score_name=^^^ItemsProcessedScore^^^ to MasterComponent::Request
I0303 21:18:17.493770 18031 c_interface.cc:230] ArtmCopyRequestedMessage is copying 46 bytes...
I0303 21:18:17.505343 18031 c_interface.cc:271] Creating MasterModel (id=34)...
I0303 21:18:17.506117 18031 collection_parser.cc:557] CollectionParserConfig.num_threads is automatically set to 4
W0303 21:18:17.506808 19229 helpers.cc:221] File already exists: query/batches/aaaaaa.batch
I0303 21:18:17.512478 18031 c_interface.cc:372] Pass 86722c99-0e55-4bc8-a19b-d3a9a96526d6 to MN4artm4core15MasterComponentEFvRKNSt7__cxx1112basic_stringIcSt11char_traitsIcESaIcEEEE
I0303 21:18:17.512625 18031 c_interface.cc:386] Pass GatherDictionaryArgs: dictionary_target_name=86722c99-0e55-4bc8-a19b-d3a9a96526d6, data_path=query/batches, symmetric_cooc_values=0 to MN4artm4core15MasterComponentEFvRKNS_20GatherDictionaryArgsEE
I0303 21:18:17.512675 18031 dictionary_operations.cc:249] Found 1 batches in 'query/batches' folder
I0303 21:18:17.512760 18031 dictionary_operations.cc:313] Find 4 unique tokens in 1 items
I0303 21:18:17.513422 19221 c_interface.cc:575] Pass TransformMasterModelArgs, batch_filename_size=1, batch_size=0, theta_matrix_type=1, predict_class_id= to MasterComponent::Request (extended)
I0303 21:18:17.514662 19225 processor.cc:724] Processing queue has data, processing started
I0303 21:18:17.514714 19225 processor.cc:802] Processor: start processing batch ff3fab16-9258-4f77-b667-10281474dd67 into model 0x7f5b153b2cb0
I0303 21:18:17.514863 19225 processor.cc:898] Processor: complete processing batch ff3fab16-9258-4f77-b667-10281474dd67 into model 0x7f5b153b2cb0
I0303 21:18:17.514883 19225 cuckoo_watch.h:45] 0ms in ProcessBatch(query/batches/aaaaaa.batch) [including 0ms in LoadMessage; 0ms in InitializeSparseNdw; 0ms in InferThetaAndUpdateNwtSparse; 0ms in CalculateScore(^^^ItemsProcessedScore^^^); ]
I0303 21:18:17.515316 19221 master_component.cc:1005] Transform: ItemsProcessed, num_items=1, num_batches=1, token_weight=4, token_weight_in_effect=4
W0303 21:18:17.515403 19221 check_messages.h:1075] Inconsistent fields size in ThetaMatrix: 1 vs 0 vs 1 vs 0;
I0303 21:18:17.515866 19221 c_interface.cc:230] ArtmCopyRequestedMessage is copying 2684 bytes...
I0303 21:18:17.516314 19221 c_interface.cc:235] ArtmCopyRequestedObject is copying 1012 bytes...
I0303 21:18:17.516595 18031 c_interface.cc:559] Pass GetScoreValueArgs, score_name=^^^ItemsProcessedScore^^^ to MasterComponent::Request
I0303 21:18:17.516695 18031 c_interface.cc:230] ArtmCopyRequestedMessage is copying 45 bytes...
I0303 21:18:17.541244 19225 processor.cc:717] No data in processing queue, waiting...
I0303 21:18:39.886483 18031 c_interface.cc:271] Creating MasterModel (id=35)...
I0303 21:18:39.889295 18031 collection_parser.cc:557] CollectionParserConfig.num_threads is automatically set to 4
W0303 21:18:39.892041 19241 helpers.cc:221] File already exists: query/batches/aaaaaa.batch
I0303 21:18:39.897220 18031 c_interface.cc:372] Pass 95b02470-d325-41ba-afdf-0ad39d37388a to MN4artm4core15MasterComponentEFvRKNSt7__cxx1112basic_stringIcSt11char_traitsIcESaIcEEEE
I0303 21:18:39.897503 18031 c_interface.cc:386] Pass GatherDictionaryArgs: dictionary_target_name=95b02470-d325-41ba-afdf-0ad39d37388a, data_path=query/batches, symmetric_cooc_values=0 to MN4artm4core15MasterComponentEFvRKNS_20GatherDictionaryArgsEE
I0303 21:18:39.897647 18031 dictionary_operations.cc:249] Found 1 batches in 'query/batches' folder
I0303 21:18:39.897836 18031 dictionary_operations.cc:313] Find 3 unique tokens in 1 items
I0303 21:18:39.898061 18031 c_interface.cc:372] Pass 86722c99-0e55-4bc8-a19b-d3a9a96526d6 to MN4artm4core15MasterComponentEFvRKNSt7__cxx1112basic_stringIcSt11char_traitsIcESaIcEEEE
I0303 21:18:39.898171 18031 c_interface.cc:336] Disposing MasterComponent (id=34)...
I0303 21:18:39.901638 19221 c_interface.cc:575] Pass TransformMasterModelArgs, batch_filename_size=1, batch_size=0, theta_matrix_type=1, predict_class_id= to MasterComponent::Request (extended)
I0303 21:18:39.904018 19228 processor.cc:724] Processing queue has data, processing started
I0303 21:18:39.904254 19228 processor.cc:802] Processor: start processing batch e0d2bee3-279e-4f11-9052-bc98e276f984 into model 0x7f5b153b2cb0
I0303 21:18:39.904814 19228 processor.cc:898] Processor: complete processing batch e0d2bee3-279e-4f11-9052-bc98e276f984 into model 0x7f5b153b2cb0
I0303 21:18:39.904901 19228 cuckoo_watch.h:45] 0ms in ProcessBatch(query/batches/aaaaaa.batch) [including 0ms in LoadMessage; 0ms in InitializeSparseNdw; 0ms in InferThetaAndUpdateNwtSparse; 0ms in CalculateScore(^^^ItemsProcessedScore^^^); ]
I0303 21:18:39.905935 19221 master_component.cc:1005] Transform: ItemsProcessed, num_items=1, num_batches=1, token_weight=3, token_weight_in_effect=3
W0303 21:18:39.906051 19221 check_messages.h:1075] Inconsistent fields size in ThetaMatrix: 1 vs 0 vs 1 vs 0;
I0303 21:18:39.906455 19221 c_interface.cc:230] ArtmCopyRequestedMessage is copying 2684 bytes...
I0303 21:18:39.907156 19221 c_interface.cc:235] ArtmCopyRequestedObject is copying 1012 bytes...
I0303 21:18:39.908181 18031 c_interface.cc:559] Pass GetScoreValueArgs, score_name=^^^ItemsProcessedScore^^^ to MasterComponent::Request
I0303 21:18:39.908427 18031 c_interface.cc:230] ArtmCopyRequestedMessage is copying 45 bytes...
I0303 21:18:39.933971 19228 processor.cc:717] No data in processing queue, waiting...
I0303 21:18:46.673369 18031 c_interface.cc:271] Creating MasterModel (id=36)...
I0303 21:18:46.675168 18031 collection_parser.cc:557] CollectionParserConfig.num_threads is automatically set to 4
W0303 21:18:46.677402 19245 helpers.cc:221] File already exists: query/batches/aaaaaa.batch
I0303 21:18:46.688982 18031 c_interface.cc:372] Pass 530c36e6-5c6e-41ee-849c-1694b1a76bb7 to MN4artm4core15MasterComponentEFvRKNSt7__cxx1112basic_stringIcSt11char_traitsIcESaIcEEEE
I0303 21:18:46.689235 18031 c_interface.cc:386] Pass GatherDictionaryArgs: dictionary_target_name=530c36e6-5c6e-41ee-849c-1694b1a76bb7, data_path=query/batches, symmetric_cooc_values=0 to MN4artm4core15MasterComponentEFvRKNS_20GatherDictionaryArgsEE
I0303 21:18:46.689363 18031 dictionary_operations.cc:249] Found 1 batches in 'query/batches' folder
I0303 21:18:46.689741 18031 dictionary_operations.cc:313] Find 3 unique tokens in 1 items
I0303 21:18:46.689947 18031 c_interface.cc:372] Pass 95b02470-d325-41ba-afdf-0ad39d37388a to MN4artm4core15MasterComponentEFvRKNSt7__cxx1112basic_stringIcSt11char_traitsIcESaIcEEEE
I0303 21:18:46.690035 18031 c_interface.cc:336] Disposing MasterComponent (id=35)...
I0303 21:18:46.693967 19221 c_interface.cc:575] Pass TransformMasterModelArgs, batch_filename_size=1, batch_size=0, theta_matrix_type=1, predict_class_id= to MasterComponent::Request (extended)
I0303 21:18:46.697679 19225 processor.cc:724] Processing queue has data, processing started
I0303 21:18:46.697866 19225 processor.cc:802] Processor: start processing batch 22b32e63-5665-429e-b8ea-3e961e67c67c into model 0x7f5b153b2cb0
I0303 21:18:46.698379 19225 processor.cc:898] Processor: complete processing batch 22b32e63-5665-429e-b8ea-3e961e67c67c into model 0x7f5b153b2cb0
I0303 21:18:46.698451 19225 cuckoo_watch.h:45] 0ms in ProcessBatch(query/batches/aaaaaa.batch) [including 0ms in LoadMessage; 0ms in InitializeSparseNdw; 0ms in InferThetaAndUpdateNwtSparse; 0ms in CalculateScore(^^^ItemsProcessedScore^^^); ]
I0303 21:18:46.699926 19221 master_component.cc:1005] Transform: ItemsProcessed, num_items=1, num_batches=1, token_weight=3, token_weight_in_effect=3
W0303 21:18:46.700031 19221 check_messages.h:1075] Inconsistent fields size in ThetaMatrix: 1 vs 0 vs 1 vs 0;
I0303 21:18:46.700608 19221 c_interface.cc:230] ArtmCopyRequestedMessage is copying 2684 bytes...
I0303 21:18:46.701576 19221 c_interface.cc:235] ArtmCopyRequestedObject is copying 1012 bytes...
I0303 21:18:46.702198 18031 c_interface.cc:559] Pass GetScoreValueArgs, score_name=^^^ItemsProcessedScore^^^ to MasterComponent::Request
I0303 21:18:46.702437 18031 c_interface.cc:230] ArtmCopyRequestedMessage is copying 45 bytes...
I0303 21:18:46.720279 19225 processor.cc:717] No data in processing queue, waiting...
I0303 21:18:57.132187 18031 c_interface.cc:271] Creating MasterModel (id=37)...
I0303 21:18:57.133611 18031 collection_parser.cc:557] CollectionParserConfig.num_threads is automatically set to 4
W0303 21:18:57.135802 19253 helpers.cc:221] File already exists: query/batches/aaaaaa.batch
I0303 21:18:57.151353 18031 c_interface.cc:372] Pass 4156de8d-8906-42fc-80ab-2fc66a6ec1bd to MN4artm4core15MasterComponentEFvRKNSt7__cxx1112basic_stringIcSt11char_traitsIcESaIcEEEE
I0303 21:18:57.151629 18031 c_interface.cc:386] Pass GatherDictionaryArgs: dictionary_target_name=4156de8d-8906-42fc-80ab-2fc66a6ec1bd, data_path=query/batches, symmetric_cooc_values=0 to MN4artm4core15MasterComponentEFvRKNS_20GatherDictionaryArgsEE
I0303 21:18:57.151839 18031 dictionary_operations.cc:249] Found 1 batches in 'query/batches' folder
I0303 21:18:57.152110 18031 dictionary_operations.cc:313] Find 3 unique tokens in 1 items
I0303 21:18:57.152339 18031 c_interface.cc:372] Pass 530c36e6-5c6e-41ee-849c-1694b1a76bb7 to MN4artm4core15MasterComponentEFvRKNSt7__cxx1112basic_stringIcSt11char_traitsIcESaIcEEEE
I0303 21:18:57.152428 18031 c_interface.cc:336] Disposing MasterComponent (id=36)...
I0303 21:18:57.154227 19221 c_interface.cc:575] Pass TransformMasterModelArgs, batch_filename_size=1, batch_size=0, theta_matrix_type=1, predict_class_id= to MasterComponent::Request (extended)
I0303 21:18:57.156142 19227 processor.cc:724] Processing queue has data, processing started
I0303 21:18:57.156486 19227 processor.cc:802] Processor: start processing batch 74f1653c-1689-4bd0-b727-468ea72e9fe2 into model 0x7f5b153b2cb0
I0303 21:18:57.156947 19227 processor.cc:898] Processor: complete processing batch 74f1653c-1689-4bd0-b727-468ea72e9fe2 into model 0x7f5b153b2cb0
I0303 21:18:57.157011 19227 cuckoo_watch.h:45] 0ms in ProcessBatch(query/batches/aaaaaa.batch) [including 0ms in LoadMessage; 0ms in InitializeSparseNdw; 0ms in InferThetaAndUpdateNwtSparse; 0ms in CalculateScore(^^^ItemsProcessedScore^^^); ]
I0303 21:18:57.157359 19221 master_component.cc:1005] Transform: ItemsProcessed, num_items=1, num_batches=1, token_weight=3, token_weight_in_effect=3
W0303 21:18:57.157423 19221 check_messages.h:1075] Inconsistent fields size in ThetaMatrix: 1 vs 0 vs 1 vs 0;
I0303 21:18:57.157841 19221 c_interface.cc:230] ArtmCopyRequestedMessage is copying 2684 bytes...
I0303 21:18:57.158308 19221 c_interface.cc:235] ArtmCopyRequestedObject is copying 1012 bytes...
I0303 21:18:57.158926 18031 c_interface.cc:559] Pass GetScoreValueArgs, score_name=^^^ItemsProcessedScore^^^ to MasterComponent::Request
I0303 21:18:57.159140 18031 c_interface.cc:230] ArtmCopyRequestedMessage is copying 45 bytes...
I0303 21:18:57.179232 19227 processor.cc:717] No data in processing queue, waiting...
I0303 21:19:02.362207 18031 c_interface.cc:271] Creating MasterModel (id=38)...
I0303 21:19:02.363770 18031 collection_parser.cc:557] CollectionParserConfig.num_threads is automatically set to 4
W0303 21:19:02.366595 19255 helpers.cc:221] File already exists: query/batches/aaaaaa.batch
I0303 21:19:02.369482 18031 c_interface.cc:372] Pass a2da53b7-ba07-484f-8605-18a68350754b to MN4artm4core15MasterComponentEFvRKNSt7__cxx1112basic_stringIcSt11char_traitsIcESaIcEEEE
I0303 21:19:02.369732 18031 c_interface.cc:386] Pass GatherDictionaryArgs: dictionary_target_name=a2da53b7-ba07-484f-8605-18a68350754b, data_path=query/batches, symmetric_cooc_values=0 to MN4artm4core15MasterComponentEFvRKNS_20GatherDictionaryArgsEE
I0303 21:19:02.369837 18031 dictionary_operations.cc:249] Found 1 batches in 'query/batches' folder
I0303 21:19:02.369962 18031 dictionary_operations.cc:313] Find 3 unique tokens in 1 items
I0303 21:19:02.370123 18031 c_interface.cc:372] Pass 4156de8d-8906-42fc-80ab-2fc66a6ec1bd to MN4artm4core15MasterComponentEFvRKNSt7__cxx1112basic_stringIcSt11char_traitsIcESaIcEEEE
I0303 21:19:02.370195 18031 c_interface.cc:336] Disposing MasterComponent (id=37)...
I0303 21:19:02.371517 19221 c_interface.cc:575] Pass TransformMasterModelArgs, batch_filename_size=1, batch_size=0, theta_matrix_type=1, predict_class_id= to MasterComponent::Request (extended)
I0303 21:19:02.373375 19228 processor.cc:724] Processing queue has data, processing started
I0303 21:19:02.373550 19228 processor.cc:802] Processor: start processing batch fa0e1eb0-fe11-4bb9-a67d-ff448fc1e32e into model 0x7f5b153b2cb0
I0303 21:19:02.373991 19228 processor.cc:898] Processor: complete processing batch fa0e1eb0-fe11-4bb9-a67d-ff448fc1e32e into model 0x7f5b153b2cb0
I0303 21:19:02.374073 19228 cuckoo_watch.h:45] 0ms in ProcessBatch(query/batches/aaaaaa.batch) [including 0ms in LoadMessage; 0ms in InitializeSparseNdw; 0ms in InferThetaAndUpdateNwtSparse; 0ms in CalculateScore(^^^ItemsProcessedScore^^^); ]
I0303 21:19:02.374837 19221 master_component.cc:1005] Transform: ItemsProcessed, num_items=1, num_batches=1, token_weight=3, token_weight_in_effect=3
W0303 21:19:02.374929 19221 check_messages.h:1075] Inconsistent fields size in ThetaMatrix: 1 vs 0 vs 1 vs 0;
I0303 21:19:02.375383 19221 c_interface.cc:230] ArtmCopyRequestedMessage is copying 2684 bytes...
I0303 21:19:02.376072 19221 c_interface.cc:235] ArtmCopyRequestedObject is copying 1012 bytes...
I0303 21:19:02.376680 18031 c_interface.cc:559] Pass GetScoreValueArgs, score_name=^^^ItemsProcessedScore^^^ to MasterComponent::Request
I0303 21:19:02.376888 18031 c_interface.cc:230] ArtmCopyRequestedMessage is copying 45 bytes...
I0303 21:19:02.399204 19228 processor.cc:717] No data in processing queue, waiting...
I0303 21:19:34.769563 18031 c_interface.cc:271] Creating MasterModel (id=39)...
I0303 21:19:34.771364 18031 collection_parser.cc:557] CollectionParserConfig.num_threads is automatically set to 4
W0303 21:19:34.773984 19271 helpers.cc:221] File already exists: query/batches/aaaaaa.batch
I0303 21:19:34.781810 18031 c_interface.cc:372] Pass 4f264316-41a3-4fc7-bf14-efbe9ddea6ee to MN4artm4core15MasterComponentEFvRKNSt7__cxx1112basic_stringIcSt11char_traitsIcESaIcEEEE
I0303 21:19:34.783840 18031 c_interface.cc:386] Pass GatherDictionaryArgs: dictionary_target_name=4f264316-41a3-4fc7-bf14-efbe9ddea6ee, data_path=query/batches, symmetric_cooc_values=0 to MN4artm4core15MasterComponentEFvRKNS_20GatherDictionaryArgsEE
I0303 21:19:34.784020 18031 dictionary_operations.cc:249] Found 1 batches in 'query/batches' folder
I0303 21:19:34.784230 18031 dictionary_operations.cc:313] Find 2 unique tokens in 1 items
I0303 21:19:34.784519 18031 c_interface.cc:372] Pass a2da53b7-ba07-484f-8605-18a68350754b to MN4artm4core15MasterComponentEFvRKNSt7__cxx1112basic_stringIcSt11char_traitsIcESaIcEEEE
I0303 21:19:34.784636 18031 c_interface.cc:336] Disposing MasterComponent (id=38)...
I0303 21:19:34.786257 19221 c_interface.cc:575] Pass TransformMasterModelArgs, batch_filename_size=1, batch_size=0, theta_matrix_type=1, predict_class_id= to MasterComponent::Request (extended)
I0303 21:19:34.788895 19226 processor.cc:724] Processing queue has data, processing started
I0303 21:19:34.789042 19226 processor.cc:802] Processor: start processing batch f19929c9-c25d-415a-ae69-50e5e8f4e074 into model 0x7f5b153b2cb0
I0303 21:19:34.789412 19226 processor.cc:898] Processor: complete processing batch f19929c9-c25d-415a-ae69-50e5e8f4e074 into model 0x7f5b153b2cb0
I0303 21:19:34.789471 19226 cuckoo_watch.h:45] 0ms in ProcessBatch(query/batches/aaaaaa.batch) [including 0ms in LoadMessage; 0ms in InitializeSparseNdw; 0ms in InferThetaAndUpdateNwtSparse; 0ms in CalculateScore(^^^ItemsProcessedScore^^^); ]
I0303 21:19:34.790081 19221 master_component.cc:1005] Transform: ItemsProcessed, num_items=1, num_batches=1, token_weight=2, token_weight_in_effect=2
W0303 21:19:34.790196 19221 check_messages.h:1075] Inconsistent fields size in ThetaMatrix: 1 vs 0 vs 1 vs 0;
I0303 21:19:34.795498 19221 c_interface.cc:230] ArtmCopyRequestedMessage is copying 2684 bytes...
I0303 21:19:34.796195 19221 c_interface.cc:235] ArtmCopyRequestedObject is copying 1012 bytes...
I0303 21:19:34.796821 18031 c_interface.cc:559] Pass GetScoreValueArgs, score_name=^^^ItemsProcessedScore^^^ to MasterComponent::Request
I0303 21:19:34.797099 18031 c_interface.cc:230] ArtmCopyRequestedMessage is copying 45 bytes...
I0303 21:19:34.810463 19226 processor.cc:717] No data in processing queue, waiting...
I0303 21:22:05.704665 18031 c_interface.cc:271] Creating MasterModel (id=40)...
I0303 21:22:05.712972 18031 collection_parser.cc:557] CollectionParserConfig.num_threads is automatically set to 4
W0303 21:22:05.715503 19297 helpers.cc:221] File already exists: query/batches/aaaaaa.batch
I0303 21:22:05.719326 18031 c_interface.cc:372] Pass 521c9fd4-c560-4617-9af5-aacc7a965316 to MN4artm4core15MasterComponentEFvRKNSt7__cxx1112basic_stringIcSt11char_traitsIcESaIcEEEE
I0303 21:22:05.719892 18031 c_interface.cc:386] Pass GatherDictionaryArgs: dictionary_target_name=521c9fd4-c560-4617-9af5-aacc7a965316, data_path=query/batches, symmetric_cooc_values=0 to MN4artm4core15MasterComponentEFvRKNS_20GatherDictionaryArgsEE
I0303 21:22:05.723836 18031 dictionary_operations.cc:249] Found 1 batches in 'query/batches' folder
I0303 21:22:05.724083 18031 dictionary_operations.cc:313] Find 2 unique tokens in 1 items
I0303 21:22:05.724282 18031 c_interface.cc:372] Pass 4f264316-41a3-4fc7-bf14-efbe9ddea6ee to MN4artm4core15MasterComponentEFvRKNSt7__cxx1112basic_stringIcSt11char_traitsIcESaIcEEEE
I0303 21:22:05.724346 18031 c_interface.cc:336] Disposing MasterComponent (id=39)...
I0303 21:22:05.726698 19221 c_interface.cc:575] Pass TransformMasterModelArgs, batch_filename_size=1, batch_size=0, theta_matrix_type=1, predict_class_id= to MasterComponent::Request (extended)
I0303 21:22:05.729296 19227 processor.cc:724] Processing queue has data, processing started
I0303 21:22:05.729482 19227 processor.cc:802] Processor: start processing batch b9b2eab4-5676-43a8-b5a0-d81110ced53b into model 0x7f5b153b2cb0
I0303 21:22:05.729914 19227 processor.cc:898] Processor: complete processing batch b9b2eab4-5676-43a8-b5a0-d81110ced53b into model 0x7f5b153b2cb0
I0303 21:22:05.729985 19227 cuckoo_watch.h:45] 0ms in ProcessBatch(query/batches/aaaaaa.batch) [including 0ms in LoadMessage; 0ms in InitializeSparseNdw; 0ms in InferThetaAndUpdateNwtSparse; 0ms in CalculateScore(^^^ItemsProcessedScore^^^); ]
I0303 21:22:05.736131 19221 master_component.cc:1005] Transform: ItemsProcessed, num_items=1, num_batches=1, token_weight=2, token_weight_in_effect=2
W0303 21:22:05.736220 19221 check_messages.h:1075] Inconsistent fields size in ThetaMatrix: 1 vs 0 vs 1 vs 0;
I0303 21:22:05.736596 19221 c_interface.cc:230] ArtmCopyRequestedMessage is copying 2684 bytes...
I0303 21:22:05.737133 19221 c_interface.cc:235] ArtmCopyRequestedObject is copying 1012 bytes...
I0303 21:22:05.737848 18031 c_interface.cc:559] Pass GetScoreValueArgs, score_name=^^^ItemsProcessedScore^^^ to MasterComponent::Request
I0303 21:22:05.738070 18031 c_interface.cc:230] ArtmCopyRequestedMessage is copying 45 bytes...
I0303 21:22:05.753571 19227 processor.cc:717] No data in processing queue, waiting...
I0303 21:22:18.040637 18031 c_interface.cc:271] Creating MasterModel (id=41)...
I0303 21:22:18.041780 18031 collection_parser.cc:557] CollectionParserConfig.num_threads is automatically set to 4
W0303 21:22:18.044819 19302 helpers.cc:221] File already exists: query/batches/aaaaaa.batch
I0303 21:22:18.048385 18031 c_interface.cc:372] Pass aed1e5a4-c136-4c19-bf84-9df518e86f26 to MN4artm4core15MasterComponentEFvRKNSt7__cxx1112basic_stringIcSt11char_traitsIcESaIcEEEE
I0303 21:22:18.048640 18031 c_interface.cc:386] Pass GatherDictionaryArgs: dictionary_target_name=aed1e5a4-c136-4c19-bf84-9df518e86f26, data_path=query/batches, symmetric_cooc_values=0 to MN4artm4core15MasterComponentEFvRKNS_20GatherDictionaryArgsEE
I0303 21:22:18.048796 18031 dictionary_operations.cc:249] Found 1 batches in 'query/batches' folder
I0303 21:22:18.048962 18031 dictionary_operations.cc:313] Find 3 unique tokens in 1 items
I0303 21:22:18.049172 18031 c_interface.cc:372] Pass 521c9fd4-c560-4617-9af5-aacc7a965316 to MN4artm4core15MasterComponentEFvRKNSt7__cxx1112basic_stringIcSt11char_traitsIcESaIcEEEE
I0303 21:22:18.049273 18031 c_interface.cc:336] Disposing MasterComponent (id=40)...
I0303 21:22:18.056470 19221 c_interface.cc:575] Pass TransformMasterModelArgs, batch_filename_size=1, batch_size=0, theta_matrix_type=1, predict_class_id= to MasterComponent::Request (extended)
I0303 21:22:18.062355 19227 processor.cc:724] Processing queue has data, processing started
I0303 21:22:18.062618 19227 processor.cc:802] Processor: start processing batch 236816d2-4bb1-4fcb-b09d-0b25d1474c8c into model 0x7f5b153b2cb0
I0303 21:22:18.063123 19227 processor.cc:898] Processor: complete processing batch 236816d2-4bb1-4fcb-b09d-0b25d1474c8c into model 0x7f5b153b2cb0
I0303 21:22:18.063186 19227 cuckoo_watch.h:45] 0ms in ProcessBatch(query/batches/aaaaaa.batch) [including 0ms in LoadMessage; 0ms in InitializeSparseNdw; 0ms in InferThetaAndUpdateNwtSparse; 0ms in CalculateScore(^^^ItemsProcessedScore^^^); ]
I0303 21:22:18.063860 19221 master_component.cc:1005] Transform: ItemsProcessed, num_items=1, num_batches=1, token_weight=3, token_weight_in_effect=3
W0303 21:22:18.063944 19221 check_messages.h:1075] Inconsistent fields size in ThetaMatrix: 1 vs 0 vs 1 vs 0;
I0303 21:22:18.064296 19221 c_interface.cc:230] ArtmCopyRequestedMessage is copying 2684 bytes...
I0303 21:22:18.064772 19221 c_interface.cc:235] ArtmCopyRequestedObject is copying 1012 bytes...
I0303 21:22:18.066107 18031 c_interface.cc:559] Pass GetScoreValueArgs, score_name=^^^ItemsProcessedScore^^^ to MasterComponent::Request
I0303 21:22:18.066330 18031 c_interface.cc:230] ArtmCopyRequestedMessage is copying 45 bytes...
I0303 21:22:18.084194 19227 processor.cc:717] No data in processing queue, waiting...
I0303 21:22:37.404605 18031 c_interface.cc:271] Creating MasterModel (id=42)...
I0303 21:22:37.406123 18031 collection_parser.cc:557] CollectionParserConfig.num_threads is automatically set to 4
W0303 21:22:37.408558 19307 helpers.cc:221] File already exists: query/batches/aaaaaa.batch
I0303 21:22:37.427304 18031 c_interface.cc:372] Pass 8a61cb79-9c40-4a2c-8dc7-c916f9c57b55 to MN4artm4core15MasterComponentEFvRKNSt7__cxx1112basic_stringIcSt11char_traitsIcESaIcEEEE
I0303 21:22:37.427585 18031 c_interface.cc:386] Pass GatherDictionaryArgs: dictionary_target_name=8a61cb79-9c40-4a2c-8dc7-c916f9c57b55, data_path=query/batches, symmetric_cooc_values=0 to MN4artm4core15MasterComponentEFvRKNS_20GatherDictionaryArgsEE
I0303 21:22:37.427728 18031 dictionary_operations.cc:249] Found 1 batches in 'query/batches' folder
I0303 21:22:37.427883 18031 dictionary_operations.cc:313] Find 2 unique tokens in 1 items
I0303 21:22:37.428071 18031 c_interface.cc:372] Pass aed1e5a4-c136-4c19-bf84-9df518e86f26 to MN4artm4core15MasterComponentEFvRKNSt7__cxx1112basic_stringIcSt11char_traitsIcESaIcEEEE
I0303 21:22:37.428162 18031 c_interface.cc:336] Disposing MasterComponent (id=41)...
I0303 21:22:37.429481 19221 c_interface.cc:575] Pass TransformMasterModelArgs, batch_filename_size=1, batch_size=0, theta_matrix_type=1, predict_class_id= to MasterComponent::Request (extended)
I0303 21:22:37.431799 19225 processor.cc:724] Processing queue has data, processing started
I0303 21:22:37.431983 19225 processor.cc:802] Processor: start processing batch d8d160be-9448-4811-a296-1b72a008cb13 into model 0x7f5b153b2cb0
I0303 21:22:37.432456 19225 processor.cc:898] Processor: complete processing batch d8d160be-9448-4811-a296-1b72a008cb13 into model 0x7f5b153b2cb0
I0303 21:22:37.432515 19225 cuckoo_watch.h:45] 0ms in ProcessBatch(query/batches/aaaaaa.batch) [including 0ms in LoadMessage; 0ms in InitializeSparseNdw; 0ms in InferThetaAndUpdateNwtSparse; 0ms in CalculateScore(^^^ItemsProcessedScore^^^); ]
I0303 21:22:37.433817 19221 master_component.cc:1005] Transform: ItemsProcessed, num_items=1, num_batches=1, token_weight=2, token_weight_in_effect=2
W0303 21:22:37.433900 19221 check_messages.h:1075] Inconsistent fields size in ThetaMatrix: 1 vs 0 vs 1 vs 0;
I0303 21:22:37.434221 19221 c_interface.cc:230] ArtmCopyRequestedMessage is copying 2684 bytes...
I0303 21:22:37.434664 19221 c_interface.cc:235] ArtmCopyRequestedObject is copying 1012 bytes...
I0303 21:22:37.435113 18031 c_interface.cc:559] Pass GetScoreValueArgs, score_name=^^^ItemsProcessedScore^^^ to MasterComponent::Request
I0303 21:22:37.435245 18031 c_interface.cc:230] ArtmCopyRequestedMessage is copying 45 bytes...
I0303 21:22:37.453215 19225 processor.cc:717] No data in processing queue, waiting...
I0303 21:24:00.298408 18031 c_interface.cc:271] Creating MasterModel (id=43)...
I0303 21:24:00.299903 18031 collection_parser.cc:557] CollectionParserConfig.num_threads is automatically set to 4
W0303 21:24:00.303858 19361 helpers.cc:221] File already exists: query/batches/aaaaaa.batch
I0303 21:24:00.307374 18031 c_interface.cc:372] Pass 48ba8f1f-ba22-48b3-8000-ecb0e5abbbf5 to MN4artm4core15MasterComponentEFvRKNSt7__cxx1112basic_stringIcSt11char_traitsIcESaIcEEEE
I0303 21:24:00.307658 18031 c_interface.cc:386] Pass GatherDictionaryArgs: dictionary_target_name=48ba8f1f-ba22-48b3-8000-ecb0e5abbbf5, data_path=query/batches, symmetric_cooc_values=0 to MN4artm4core15MasterComponentEFvRKNS_20GatherDictionaryArgsEE
I0303 21:24:00.307849 18031 dictionary_operations.cc:249] Found 1 batches in 'query/batches' folder
I0303 21:24:00.308260 18031 dictionary_operations.cc:313] Find 2 unique tokens in 1 items
I0303 21:24:00.308480 18031 c_interface.cc:372] Pass 8a61cb79-9c40-4a2c-8dc7-c916f9c57b55 to MN4artm4core15MasterComponentEFvRKNSt7__cxx1112basic_stringIcSt11char_traitsIcESaIcEEEE
I0303 21:24:00.308578 18031 c_interface.cc:336] Disposing MasterComponent (id=42)...
I0303 21:24:00.309900 19221 c_interface.cc:575] Pass TransformMasterModelArgs, batch_filename_size=1, batch_size=0, theta_matrix_type=1, predict_class_id= to MasterComponent::Request (extended)
I0303 21:24:00.311753 19227 processor.cc:724] Processing queue has data, processing started
I0303 21:24:00.311938 19227 processor.cc:802] Processor: start processing batch 17465692-d72a-4024-a29e-be04c9eec929 into model 0x7f5b153b2cb0
I0303 21:24:00.312397 19227 processor.cc:898] Processor: complete processing batch 17465692-d72a-4024-a29e-be04c9eec929 into model 0x7f5b153b2cb0
I0303 21:24:00.312469 19227 cuckoo_watch.h:45] 0ms in ProcessBatch(query/batches/aaaaaa.batch) [including 0ms in LoadMessage; 0ms in InitializeSparseNdw; 0ms in InferThetaAndUpdateNwtSparse; 0ms in CalculateScore(^^^ItemsProcessedScore^^^); ]
I0303 21:24:00.313498 19221 master_component.cc:1005] Transform: ItemsProcessed, num_items=1, num_batches=1, token_weight=2, token_weight_in_effect=2
W0303 21:24:00.313617 19221 check_messages.h:1075] Inconsistent fields size in ThetaMatrix: 1 vs 0 vs 1 vs 0;
I0303 21:24:00.314126 19221 c_interface.cc:230] ArtmCopyRequestedMessage is copying 2684 bytes...
I0303 21:24:00.314713 19221 c_interface.cc:235] ArtmCopyRequestedObject is copying 1012 bytes...
I0303 21:24:00.316203 18031 c_interface.cc:559] Pass GetScoreValueArgs, score_name=^^^ItemsProcessedScore^^^ to MasterComponent::Request
I0303 21:24:00.316390 18031 c_interface.cc:230] ArtmCopyRequestedMessage is copying 45 bytes...
I0303 21:24:00.347811 19227 processor.cc:717] No data in processing queue, waiting...
I0303 21:24:23.061983 18031 c_interface.cc:271] Creating MasterModel (id=44)...
I0303 21:24:23.063724 18031 collection_parser.cc:557] CollectionParserConfig.num_threads is automatically set to 4
W0303 21:24:23.066035 19367 helpers.cc:221] File already exists: query/batches/aaaaaa.batch
I0303 21:24:23.072610 18031 c_interface.cc:372] Pass 9d87c387-7abc-46d7-b50b-128480cbc857 to MN4artm4core15MasterComponentEFvRKNSt7__cxx1112basic_stringIcSt11char_traitsIcESaIcEEEE
I0303 21:24:23.072942 18031 c_interface.cc:386] Pass GatherDictionaryArgs: dictionary_target_name=9d87c387-7abc-46d7-b50b-128480cbc857, data_path=query/batches, symmetric_cooc_values=0 to MN4artm4core15MasterComponentEFvRKNS_20GatherDictionaryArgsEE
I0303 21:24:23.073086 18031 dictionary_operations.cc:249] Found 1 batches in 'query/batches' folder
I0303 21:24:23.073248 18031 dictionary_operations.cc:313] Find 3 unique tokens in 1 items
I0303 21:24:23.073475 18031 c_interface.cc:372] Pass 48ba8f1f-ba22-48b3-8000-ecb0e5abbbf5 to MN4artm4core15MasterComponentEFvRKNSt7__cxx1112basic_stringIcSt11char_traitsIcESaIcEEEE
I0303 21:24:23.073578 18031 c_interface.cc:336] Disposing MasterComponent (id=43)...
I0303 21:24:23.075215 19221 c_interface.cc:575] Pass TransformMasterModelArgs, batch_filename_size=1, batch_size=0, theta_matrix_type=1, predict_class_id= to MasterComponent::Request (extended)
I0303 21:24:23.077257 19227 processor.cc:724] Processing queue has data, processing started
I0303 21:24:23.077458 19227 processor.cc:802] Processor: start processing batch e9fe821c-8a27-47ef-ae92-2980012fad1f into model 0x7f5b153b2cb0
I0303 21:24:23.077874 19227 processor.cc:898] Processor: complete processing batch e9fe821c-8a27-47ef-ae92-2980012fad1f into model 0x7f5b153b2cb0
I0303 21:24:23.077958 19227 cuckoo_watch.h:45] 0ms in ProcessBatch(query/batches/aaaaaa.batch) [including 0ms in LoadMessage; 0ms in InitializeSparseNdw; 0ms in InferThetaAndUpdateNwtSparse; 0ms in CalculateScore(^^^ItemsProcessedScore^^^); ]
I0303 21:24:23.080366 19221 master_component.cc:1005] Transform: ItemsProcessed, num_items=1, num_batches=1, token_weight=3, token_weight_in_effect=3
W0303 21:24:23.080476 19221 check_messages.h:1075] Inconsistent fields size in ThetaMatrix: 1 vs 0 vs 1 vs 0;
I0303 21:24:23.080894 19221 c_interface.cc:230] ArtmCopyRequestedMessage is copying 2684 bytes...
I0303 21:24:23.081554 19221 c_interface.cc:235] ArtmCopyRequestedObject is copying 1012 bytes...
I0303 21:24:23.082191 18031 c_interface.cc:559] Pass GetScoreValueArgs, score_name=^^^ItemsProcessedScore^^^ to MasterComponent::Request
I0303 21:24:23.082397 18031 c_interface.cc:230] ArtmCopyRequestedMessage is copying 45 bytes...
I0303 21:24:23.099495 19227 processor.cc:717] No data in processing queue, waiting...
I0303 21:25:07.281404 18031 c_interface.cc:271] Creating MasterModel (id=45)...
I0303 21:25:07.282704 18031 collection_parser.cc:557] CollectionParserConfig.num_threads is automatically set to 4
W0303 21:25:07.285410 19383 helpers.cc:221] File already exists: query/batches/aaaaaa.batch
I0303 21:25:07.288640 18031 c_interface.cc:372] Pass 4bfa3b72-d0b7-4176-9e3b-49317ef0c3f2 to MN4artm4core15MasterComponentEFvRKNSt7__cxx1112basic_stringIcSt11char_traitsIcESaIcEEEE
I0303 21:25:07.288906 18031 c_interface.cc:386] Pass GatherDictionaryArgs: dictionary_target_name=4bfa3b72-d0b7-4176-9e3b-49317ef0c3f2, data_path=query/batches, symmetric_cooc_values=0 to MN4artm4core15MasterComponentEFvRKNS_20GatherDictionaryArgsEE
